test_apic_reproduces_full_affine_field (tests.feasibility.test_momentum_reference.MomentumReferenceTests) ... ok
test_arbitrary_grid_velocity_transfers_momentum_to_apic (tests.feasibility.test_momentum_reference.MomentumReferenceTests) ... ok
test_boundary_and_missing_nodes_are_rejected (tests.feasibility.test_momentum_reference.MomentumReferenceTests) ... ok
test_grouping_roundtrips_does_not_change_state_or_positions (tests.feasibility.test_momentum_reference.MomentumReferenceTests) ... ok
test_nonaffine_roundtrips_conserve_momentum_but_dissipate_energy (tests.feasibility.test_momentum_reference.MomentumReferenceTests) ... ok
test_pic_and_apic_preserve_constant_translation (tests.feasibility.test_momentum_reference.MomentumReferenceTests) ... ok
test_pic_rotation_dissipation_negative_control (tests.feasibility.test_momentum_reference.MomentumReferenceTests) ... ok
test_quadratic_weights_reproduce_partition_position_covariance (tests.feasibility.test_momentum_reference.MomentumReferenceTests) ... ok
test_single_particle_spin_requires_affine_angular_momentum (tests.feasibility.test_momentum_reference.MomentumReferenceTests) ... ok
test_zero_C_initialization_does_not_reproduce_affine_velocity (tests.feasibility.test_momentum_reference.MomentumReferenceTests) ... ok
test_boundary_rejects_every_particle (tests.feasibility.test_momentum_motion.MomentumMotionTests) ... ok
test_invalid_dt (tests.feasibility.test_momentum_motion.MomentumMotionTests) ... ok
test_invalid_old_support_rejected (tests.feasibility.test_momentum_motion.MomentumMotionTests) ... ok
test_translation_advects (tests.feasibility.test_momentum_motion.MomentumMotionTests) ... ok

----------------------------------------------------------------------
Ran 14 tests in 0.613s

OK
METRIC affine_20_roundtrips max_velocity_error_m_s=2.75e-15 max_C_error_per_s=1.93e-14
METRIC nonaffine_apic_20_roundtrips energy_retained=0.086257982 linear_error=1.83e-16 angular_error=5.17e-17
METRIC rotation_20_roundtrips {"apic": {"angular_retained": 1.000000000000003, "center_energy_retained": 1.0000000000000058, "initial_affine_energy_J": 0.013020000000000004, "initial_center_energy_J": 0.027657931989247302, "total_energy_retained": 1.0000000000000056}, "pic": {"angular_retained": 0.001355251496559642, "center_energy_retained": 2.0356425545777455e-06, "initial_affine_energy_J": 0.0, "initial_center_energy_J": 0.027657931989247302, "total_energy_retained": 2.0356425545777455e-06}}
