Godot Engine v4.6.3.stable.official.7d41c59c4 - https://godotengine.org
Metal 4.0 - Forward+ - Using Device #0: Apple - Apple M5 Pro (Apple9)

EDITOR_SESSION_START {"godot_static_bytes":217836822,"history_bytes":0,"redo_entries":0,"renderer_video_bytes":400277504,"rss_kib":655392,"undo_entries":0}
ok: water dot target starts as isolated air
ok: untitled session Save shortcut requests a path
ok: untitled session Save writes the exact initial build
ok: cycle authored stroke has one transaction
ok: cycle paused radius-zero water click is a second transaction that lands as Water
ok: cycle Undo restores initial bytes
ok: cycle Redo restores authored bytes
ok: cycle enters running Test
ok: cycle normal scheduling advanced authoritative ticks while a live source was held
ok: cycle Pause stops authoritative ticks
ok: cycle Step advances exactly once
ok: cycle Return restores exact authored bytes
ok: cycle authored history survives Test and returns to baseline
ok: cycle Redo retains accumulated authored history across cycles
EDITOR_SESSION_CYCLE {"achieved_ticks_per_second":115.445113064058,"active_frames":44,"active_mean_ms":14.1741136363636,"active_p95_ms":24.947,"active_requested_ticks":72,"active_seconds":0.623673,"archive_roundtrip":false,"cap_frames":4,"cycle":1,"cycle_s":1.179806,"elapsed_s":1.179807,"file_phase":{},"memory":{"godot_static_bytes":487319542,"history_bytes":34816,"redo_entries":0,"renderer_video_bytes":400277504,"rss_kib":865968,"undo_entries":2},"retained_undo_entries":2}
ok: cycle authored stroke has one transaction
ok: cycle paused radius-zero water click is a second transaction that lands as Water
ok: cycle Undo restores initial bytes
ok: cycle Redo restores authored bytes
ok: cycle enters running Test
ok: cycle normal scheduling advanced authoritative ticks while a live source was held
ok: cycle Pause stops authoritative ticks
ok: cycle Step advances exactly once
ok: cycle Return restores exact authored bytes
ok: cycle authored history survives Test and returns to baseline
ok: cycle Redo retains accumulated authored history across cycles
EDITOR_SESSION_CYCLE {"achieved_ticks_per_second":119.233313461114,"active_frames":41,"active_mean_ms":14.9324146341463,"active_p95_ms":16.861,"active_requested_ticks":73,"active_seconds":0.612245,"archive_roundtrip":false,"cap_frames":0,"cycle":2,"cycle_s":1.073063,"elapsed_s":2.260009,"file_phase":{},"memory":{"godot_static_bytes":487349886,"history_bytes":53248,"redo_entries":0,"renderer_video_bytes":400277504,"rss_kib":931520,"undo_entries":4},"retained_undo_entries":4}
ok: cycle authored stroke has one transaction
ok: cycle paused radius-zero water click is a second transaction that lands as Water
ok: cycle Undo restores initial bytes
ok: cycle Redo restores authored bytes
ok: cycle enters running Test
ok: cycle normal scheduling advanced authoritative ticks while a live source was held
ok: cycle Pause stops authoritative ticks
ok: cycle Step advances exactly once
ok: cycle Return restores exact authored bytes
ok: cycle authored history survives Test and returns to baseline
ok: cycle Redo retains accumulated authored history across cycles
EDITOR_SESSION_CYCLE {"achieved_ticks_per_second":117.677247267681,"active_frames":36,"active_mean_ms":16.9950833333333,"active_p95_ms":24.969,"active_requested_ticks":72,"active_seconds":0.611843,"archive_roundtrip":false,"cap_frames":6,"cycle":3,"cycle_s":1.091333,"elapsed_s":3.358689,"file_phase":{},"memory":{"godot_static_bytes":487378978,"history_bytes":71680,"redo_entries":0,"renderer_video_bytes":400277504,"rss_kib":931648,"undo_entries":6},"retained_undo_entries":6}
ok: cycle authored stroke has one transaction
ok: cycle paused radius-zero water click is a second transaction that lands as Water
ok: cycle Undo restores initial bytes
ok: cycle Redo restores authored bytes
ok: cycle enters running Test
ok: cycle normal scheduling advanced authoritative ticks while a live source was held
ok: cycle Pause stops authoritative ticks
ok: cycle Step advances exactly once
ok: cycle Return restores exact authored bytes
ok: cycle authored history survives Test and returns to baseline
ok: cycle Redo retains accumulated authored history across cycles
EDITOR_SESSION_CYCLE {"achieved_ticks_per_second":120.045847647019,"active_frames":34,"active_mean_ms":17.8850588235294,"active_p95_ms":23.941,"active_requested_ticks":73,"active_seconds":0.608101,"archive_roundtrip":false,"cap_frames":9,"cycle":4,"cycle_s":1.111372,"elapsed_s":4.477342,"file_phase":{},"memory":{"godot_static_bytes":487408278,"history_bytes":90112,"redo_entries":0,"renderer_video_bytes":400277504,"rss_kib":931696,"undo_entries":8},"retained_undo_entries":8}
ok: cycle authored stroke has one transaction
ok: cycle paused radius-zero water click is a second transaction that lands as Water
ok: cycle Undo restores initial bytes
ok: cycle Redo restores authored bytes
ok: cycle enters running Test
ok: cycle normal scheduling advanced authoritative ticks while a live source was held
ok: cycle Pause stops authoritative ticks
ok: cycle Step advances exactly once
ok: cycle Return restores exact authored bytes
ok: cycle authored history survives Test and returns to baseline
ok: cycle Redo retains accumulated authored history across cycles
ok: phase Save As shortcut requests a path for the named build
ok: phase Save As writes the exact accumulated build and switches the active file
ok: phase temporary stroke makes the named build dirty
ok: dirty periodic Open requests explicit discard
ok: phase Cancel in the unsaved-build dialog preserves the dirty construction and file
ok: dirty periodic Open requests explicit discard
ok: phase Save in the unsaved-build dialog saves the dirty build exactly, then opens the requested file
ok: phase second temporary stroke dirties the reopened initial build
ok: dirty periodic Open requests explicit discard
ok: phase Discard in the unsaved-build dialog restores the requested file and clears history
ok: phase named Save shortcut saves directly without a chooser
ok: phase named Save shortcut rewrites the exact initial build once
ok: periodic asynchronous Save/Open restores baseline and clears old history
EDITOR_SESSION_CYCLE {"achieved_ticks_per_second":116.01345102435,"active_frames":41,"active_mean_ms":14.9266341463415,"active_p95_ms":23.425,"active_requested_ticks":71,"active_seconds":0.611998,"archive_roundtrip":true,"cap_frames":3,"cycle":5,"cycle_s":6.43825,"elapsed_s":10.923082,"file_phase":{"cancel":true,"discard":true,"modifier":"ctrl","named_save":true,"phase":1,"save_as":true,"save_first":true},"memory":{"godot_static_bytes":487332098,"history_bytes":0,"redo_entries":0,"renderer_video_bytes":408813568,"rss_kib":998592,"undo_entries":0},"retained_undo_entries":0}
ok: cycle authored stroke has one transaction
ok: cycle paused radius-zero water click is a second transaction that lands as Water
ok: cycle Undo restores initial bytes
ok: cycle Redo restores authored bytes
ok: cycle enters running Test
ok: cycle normal scheduling advanced authoritative ticks while a live source was held
ok: cycle Pause stops authoritative ticks
ok: cycle Step advances exactly once
ok: cycle Return restores exact authored bytes
ok: cycle authored history survives Test and returns to baseline
ok: cycle Redo retains accumulated authored history across cycles
EDITOR_SESSION_CYCLE {"achieved_ticks_per_second":116.786880392141,"active_frames":53,"active_mean_ms":11.4704528301887,"active_p95_ms":20.212,"active_requested_ticks":71,"active_seconds":0.607945,"archive_roundtrip":false,"cap_frames":3,"cycle":6,"cycle_s":1.088505,"elapsed_s":12.019216,"file_phase":{},"memory":{"godot_static_bytes":487379706,"history_bytes":34816,"redo_entries":0,"renderer_video_bytes":408813568,"rss_kib":1064176,"undo_entries":2},"retained_undo_entries":2}
ok: cycle authored stroke has one transaction
ok: cycle paused radius-zero water click is a second transaction that lands as Water
ok: cycle Undo restores initial bytes
ok: cycle Redo restores authored bytes
ok: cycle enters running Test
ok: cycle normal scheduling advanced authoritative ticks while a live source was held
ok: cycle Pause stops authoritative ticks
ok: cycle Step advances exactly once
ok: cycle Return restores exact authored bytes
ok: cycle authored history survives Test and returns to baseline
ok: cycle Redo retains accumulated authored history across cycles
EDITOR_SESSION_CYCLE {"achieved_ticks_per_second":119.702738200136,"active_frames":40,"active_mean_ms":15.03705,"active_p95_ms":16.806,"active_requested_ticks":72,"active_seconds":0.60149,"archive_roundtrip":false,"cap_frames":0,"cycle":7,"cycle_s":1.090457,"elapsed_s":13.116976,"file_phase":{},"memory":{"godot_static_bytes":487406818,"history_bytes":53248,"redo_entries":0,"renderer_video_bytes":408813568,"rss_kib":1064192,"undo_entries":4},"retained_undo_entries":4}
ok: cycle authored stroke has one transaction
ok: cycle paused radius-zero water click is a second transaction that lands as Water
ok: cycle Undo restores initial bytes
ok: cycle Redo restores authored bytes
ok: cycle enters running Test
ok: cycle normal scheduling advanced authoritative ticks while a live source was held
ok: cycle Pause stops authoritative ticks
ok: cycle Step advances exactly once
ok: cycle Return restores exact authored bytes
ok: cycle authored history survives Test and returns to baseline
ok: cycle Redo retains accumulated authored history across cycles
EDITOR_SESSION_CYCLE {"achieved_ticks_per_second":122.459786853776,"active_frames":38,"active_mean_ms":15.9018947368421,"active_p95_ms":16.807,"active_requested_ticks":74,"active_seconds":0.60428,"archive_roundtrip":false,"cap_frames":0,"cycle":8,"cycle_s":1.078444,"elapsed_s":14.20273,"file_phase":{},"memory":{"godot_static_bytes":487435910,"history_bytes":71680,"redo_entries":0,"renderer_video_bytes":408813568,"rss_kib":1064192,"undo_entries":6},"retained_undo_entries":6}
ok: cycle authored stroke has one transaction
ok: cycle paused radius-zero water click is a second transaction that lands as Water
ok: cycle Undo restores initial bytes
ok: cycle Redo restores authored bytes
ok: cycle enters running Test
ok: cycle normal scheduling advanced authoritative ticks while a live source was held
ok: cycle Pause stops authoritative ticks
ok: cycle Step advances exactly once
ok: cycle Return restores exact authored bytes
ok: cycle authored history survives Test and returns to baseline
ok: cycle Redo retains accumulated authored history across cycles
EDITOR_SESSION_CYCLE {"achieved_ticks_per_second":120.965237206291,"active_frames":33,"active_mean_ms":18.5374545454545,"active_p95_ms":23.566,"active_requested_ticks":74,"active_seconds":0.611746,"archive_roundtrip":false,"cap_frames":9,"cycle":9,"cycle_s":1.1046,"elapsed_s":15.314721,"file_phase":{},"memory":{"godot_static_bytes":487464930,"history_bytes":90112,"redo_entries":0,"renderer_video_bytes":408813568,"rss_kib":1064304,"undo_entries":8},"retained_undo_entries":8}
ok: cycle authored stroke has one transaction
ok: cycle paused radius-zero water click is a second transaction that lands as Water
ok: cycle Undo restores initial bytes
ok: cycle Redo restores authored bytes
ok: cycle enters running Test
ok: cycle normal scheduling advanced authoritative ticks while a live source was held
ok: cycle Pause stops authoritative ticks
ok: cycle Step advances exactly once
ok: cycle Return restores exact authored bytes
ok: cycle authored history survives Test and returns to baseline
ok: cycle Redo retains accumulated authored history across cycles
ok: phase Save As shortcut requests a path for the named build
ok: phase Save As writes the exact accumulated build and switches the active file
ok: phase temporary stroke makes the named build dirty
ok: dirty periodic Open requests explicit discard
ok: phase Cancel in the unsaved-build dialog preserves the dirty construction and file
ok: dirty periodic Open requests explicit discard
ok: phase Save in the unsaved-build dialog saves the dirty build exactly, then opens the requested file
ok: phase second temporary stroke dirties the reopened initial build
ok: dirty periodic Open requests explicit discard
ok: phase Discard in the unsaved-build dialog restores the requested file and clears history
ok: phase named Save shortcut saves directly without a chooser
ok: phase named Save shortcut rewrites the exact initial build once
ok: periodic asynchronous Save/Open restores baseline and clears old history
EDITOR_SESSION_CYCLE {"achieved_ticks_per_second":119.589012427292,"active_frames":36,"active_mean_ms":16.7236944444445,"active_p95_ms":21.461,"active_requested_ticks":72,"active_seconds":0.602062,"archive_roundtrip":true,"cap_frames":2,"cycle":10,"cycle_s":6.412108,"elapsed_s":21.734061,"file_phase":{"cancel":true,"discard":true,"modifier":"meta","named_save":true,"phase":2,"save_as":true,"save_first":true},"memory":{"godot_static_bytes":487344142,"history_bytes":0,"redo_entries":0,"renderer_video_bytes":408813568,"rss_kib":998864,"undo_entries":0},"retained_undo_entries":0}
ok: cycle authored stroke has one transaction
ok: cycle paused radius-zero water click is a second transaction that lands as Water
ok: cycle Undo restores initial bytes
ok: cycle Redo restores authored bytes
ok: cycle enters running Test
ok: cycle normal scheduling advanced authoritative ticks while a live source was held
ok: cycle Pause stops authoritative ticks
ok: cycle Step advances exactly once
ok: cycle Return restores exact authored bytes
ok: cycle authored history survives Test and returns to baseline
ok: cycle Redo retains accumulated authored history across cycles
EDITOR_SESSION_CYCLE {"achieved_ticks_per_second":115.748778850383,"active_frames":55,"active_mean_ms":10.9951454545455,"active_p95_ms":27.0,"active_requested_ticks":70,"active_seconds":0.604758,"archive_roundtrip":false,"cap_frames":4,"cycle":11,"cycle_s":1.104213,"elapsed_s":22.845581,"file_phase":{},"memory":{"godot_static_bytes":487391718,"history_bytes":34816,"redo_entries":0,"renderer_video_bytes":408813568,"rss_kib":1064432,"undo_entries":2},"retained_undo_entries":2}
ok: cycle authored stroke has one transaction
ok: cycle paused radius-zero water click is a second transaction that lands as Water
ok: cycle Undo restores initial bytes
ok: cycle Redo restores authored bytes
ok: cycle enters running Test
ok: cycle normal scheduling advanced authoritative ticks while a live source was held
ok: cycle Pause stops authoritative ticks
ok: cycle Step advances exactly once
ok: cycle Return restores exact authored bytes
ok: cycle authored history survives Test and returns to baseline
ok: cycle Redo retains accumulated authored history across cycles
EDITOR_SESSION_CYCLE {"achieved_ticks_per_second":119.107290855041,"active_frames":42,"active_mean_ms":14.3925238095238,"active_p95_ms":16.315,"active_requested_ticks":72,"active_seconds":0.604497,"archive_roundtrip":false,"cap_frames":0,"cycle":12,"cycle_s":1.128854,"elapsed_s":23.98179,"file_phase":{},"memory":{"godot_static_bytes":487419294,"history_bytes":53248,"redo_entries":0,"renderer_video_bytes":408813568,"rss_kib":1064432,"undo_entries":4},"retained_undo_entries":4}
ok: cycle authored stroke has one transaction
ok: cycle paused radius-zero water click is a second transaction that lands as Water
ok: cycle Undo restores initial bytes
ok: cycle Redo restores authored bytes
ok: cycle enters running Test
ok: cycle normal scheduling advanced authoritative ticks while a live source was held
ok: cycle Pause stops authoritative ticks
ok: cycle Step advances exactly once
ok: cycle Return restores exact authored bytes
ok: cycle authored history survives Test and returns to baseline
ok: cycle Redo retains accumulated authored history across cycles
EDITOR_SESSION_CYCLE {"achieved_ticks_per_second":117.881454424705,"active_frames":37,"active_mean_ms":16.2780540540541,"active_p95_ms":23.471,"active_requested_ticks":71,"active_seconds":0.6023,"archive_roundtrip":false,"cap_frames":3,"cycle":13,"cycle_s":1.086045,"elapsed_s":25.075098,"file_phase":{},"memory":{"godot_static_bytes":487447882,"history_bytes":71680,"redo_entries":0,"renderer_video_bytes":408813568,"rss_kib":1064448,"undo_entries":6},"retained_undo_entries":6}
ok: cycle authored stroke has one transaction
ok: cycle paused radius-zero water click is a second transaction that lands as Water
ok: cycle Undo restores initial bytes
ok: cycle Redo restores authored bytes
ok: cycle enters running Test
ok: cycle normal scheduling advanced authoritative ticks while a live source was held
ok: cycle Pause stops authoritative ticks
ok: cycle Step advances exactly once
ok: cycle Return restores exact authored bytes
ok: cycle authored history survives Test and returns to baseline
ok: cycle Redo retains accumulated authored history across cycles
EDITOR_SESSION_CYCLE {"achieved_ticks_per_second":120.610321269548,"active_frames":35,"active_mean_ms":17.2928285714286,"active_p95_ms":22.615,"active_requested_ticks":73,"active_seconds":0.605255,"archive_roundtrip":false,"cap_frames":4,"cycle":14,"cycle_s":1.080845,"elapsed_s":26.16328,"file_phase":{},"memory":{"godot_static_bytes":487477046,"history_bytes":90112,"redo_entries":0,"renderer_video_bytes":408813568,"rss_kib":1064448,"undo_entries":8},"retained_undo_entries":8}
ok: cycle authored stroke has one transaction
ok: cycle paused radius-zero water click is a second transaction that lands as Water
ok: cycle Undo restores initial bytes
ok: cycle Redo restores authored bytes
ok: cycle enters running Test
ok: cycle normal scheduling advanced authoritative ticks while a live source was held
ok: cycle Pause stops authoritative ticks
ok: cycle Step advances exactly once
ok: cycle Return restores exact authored bytes
ok: cycle authored history survives Test and returns to baseline
ok: cycle Redo retains accumulated authored history across cycles
ok: phase Save As shortcut requests a path for the named build
ok: phase Save As writes the exact accumulated build and switches the active file
ok: phase temporary stroke makes the named build dirty
ok: dirty periodic Open requests explicit discard
ok: phase Cancel in the unsaved-build dialog preserves the dirty construction and file
ok: dirty periodic Open requests explicit discard
ok: phase Save in the unsaved-build dialog saves the dirty build exactly, then opens the requested file
ok: phase second temporary stroke dirties the reopened initial build
ok: dirty periodic Open requests explicit discard
ok: phase Discard in the unsaved-build dialog restores the requested file and clears history
ok: phase named Save shortcut saves directly without a chooser
ok: phase named Save shortcut rewrites the exact initial build once
ok: periodic asynchronous Save/Open restores baseline and clears old history
EDITOR_SESSION_CYCLE {"achieved_ticks_per_second":119.947026135307,"active_frames":36,"active_mean_ms":16.9053055555556,"active_p95_ms":22.788,"active_requested_ticks":73,"active_seconds":0.608602,"archive_roundtrip":true,"cap_frames":5,"cycle":15,"cycle_s":7.023639,"elapsed_s":33.194409,"file_phase":{"cancel":true,"discard":true,"modifier":"ctrl","named_save":true,"phase":3,"save_as":true,"save_first":true},"memory":{"godot_static_bytes":487356114,"history_bytes":0,"redo_entries":0,"renderer_video_bytes":408813568,"rss_kib":998928,"undo_entries":0},"retained_undo_entries":0}
ok: session completed at least one cycle
ok: every file phase answered the unsaved-build dialog with Save, Discard and Cancel
Editor session soak: 209 checks, 0 failures; cycles=15; file phases=3
