Godot Engine v4.6.3.stable.official.7d41c59c4 - https://godotengine.org
Metal 4.0 - Forward+ - Using Device #0: Apple - Apple M5 Pro (Apple9)

ok: Examples loads the exact scenario bytes as a clean untitled build
ok: loading an example starts fresh history, like Open
ok: key 3 selects Wall, the third material of the first row
ok: key 1 selects Sand
ok: key 2 selects Water
ok: a stroke on the example makes it unsaved
ok: Examples on unsaved work prompts before replacing anything
ok: Cancel keeps the unsaved example edits
ok: slider step 1 means 2x
ok: Run applies the chosen speed
ERROR: Workflow requested a missing or hidden UI control
   at: push_error (core/variant/variant_utility.cpp:1024)
   GDScript backtrace (most recent call first):
       [0] click (res://tests/milestone/editor_workflow_gpu.gd:74)
       [1] run (res://tests/milestone/editor_heat_ui_gpu.gd:83)
       [2] read_thermal (res://tests/milestone/editor_heat_ui_gpu.gd:12)
WARNING: ObjectDB instances leaked at exit (run with --verbose for details).
   at: cleanup (core/object/object.cpp:2663)
