Godot Engine v4.6.3.stable.official.7d41c59c4 - https://godotengine.org
Metal 4.0 - Forward+ - Using Device #0: Apple - Apple M5 Pro (Apple9)

ok: element palette fits the shader slots
ok: Demo baseline capture saved
ok: Demo palette32 capture saved
ok: Demo capture shows substantial content (67116 non-background pixels)
ok: Demo renders byte-identically with palette 32
ok: Demo physical bytes unchanged across captures
ok: Dam break baseline capture saved
ok: Dam break palette32 capture saved
ok: Dam break capture shows substantial content (67500 non-background pixels)
ok: Dam break renders byte-identically with palette 32
ok: Dam break physical bytes unchanged across captures
ok: Forest fire baseline capture saved
ok: Forest fire palette32 capture saved
ok: Forest fire capture shows substantial content (66758 non-background pixels)
ok: Forest fire renders byte-identically with palette 32
ok: Forest fire physical bytes unchanged across captures
ok: thermal bound (true) with thermal_glow=false renders byte-identically
ok: thermal-off capture saved
ok: thermal-on capture saved
ok: thermal glow at 1400 K changes the picture (34533 pixels)
ok: thermal glow leaves physical bytes unchanged
ok: slab-only capture saved
block screen box [P: (131.9612, 111.0102), S: (56.0777, 65.84861)] area 3692, required footprint 1218 px
ok: fixture block projects large enough to judge (1218 px required)
ok: ICE capture saved
ok: ICE block footprint covers its screen box (3798 of 1218 px)
ok: ICE fixture physical bytes unchanged
ok: LAVA capture saved
ok: LAVA block footprint covers its screen box (2642 of 1218 px)
ok: LAVA fixture physical bytes unchanged
ok: STONE capture saved
ok: STONE block footprint covers its screen box (3817 of 1218 px)
ok: STONE fixture physical bytes unchanged
ok: METAL capture saved
ok: METAL block footprint covers its screen box (3717 of 1218 px)
ok: METAL fixture physical bytes unchanged
ok: WAX capture saved
ok: WAX block footprint covers its screen box (3782 of 1218 px)
ok: WAX fixture physical bytes unchanged
ok: MOLTEN_WAX capture saved
ok: MOLTEN_WAX block footprint covers its screen box (2641 of 1218 px)
ok: MOLTEN_WAX fixture physical bytes unchanged
ok: GUNPOWDER capture saved
ok: GUNPOWDER block footprint covers its screen box (3947 of 1218 px)
ok: GUNPOWDER fixture physical bytes unchanged
ok: GAS capture saved
ok: GAS block footprint covers its screen box (3438 of 1218 px)
ok: GAS fixture physical bytes unchanged
ok: ACID capture saved
ok: ACID block footprint covers its screen box (2641 of 1218 px)
ok: ACID fixture physical bytes unchanged
ok: CLONE capture saved
ok: CLONE block footprint covers its screen box (3717 of 1218 px)
ok: CLONE fixture physical bytes unchanged
ok: VOID capture saved
ok: VOID block footprint covers its screen box (3717 of 1218 px)
ok: VOID fixture physical bytes unchanged
ok: group capture saved for ICE, LAVA, STONE, METAL, WAX, MOLTEN_WAX, GUNPOWDER, GAS, ACID, CLONE, VOID
ok: group capture shows substantial content
ok: group fixture physical bytes unchanged
ok: padded palette has a zero tail
PALETTE_CHECKS 60 FAILURES 0
