Godot Engine v4.6.3.stable.official.7d41c59c4 - https://godotengine.org
Metal 4.0 - Forward+ - Using Device #0: Apple - Apple M5 Pro (Apple9)

--- _test_sand_settles
ok: pile is stable: identical after 300 more ticks
ok: test world has 4096 sand
ok: sand count conserved: 4096 -> 4096
ok: air count conserved
ok: no unknown element ids after ticking
ok: no sand floating over air (found 0)
ok: no sand left at the drop height (found 0)
--- _test_water_levels
ok: water mass conserved: 2764800 -> 2764800
ok: wall count conserved
ok: all water ended inside the bowl (found 0 outside)
ok: no water hanging over air (found 0)
ok: water surface is level: column heights 10.21..10.22
ok: bowl holds a real depth of water (min column 10.21)
--- _test_steam_rises
ok: steam count conserved: 8000 -> 8000
ok: steam has risen: 2 of 8000 still under air
ok: no steam left in the lower half (found 0)
--- _test_brush_paints
ok: brush painted a radius-5 sphere: 515 voxels (expected 515)
ok: erase mode removed the sphere
--- _test_occupancy
ok: occupancy readback is 16384 bytes (RGBA)
ok: no fluid bricks flagged for a wall sphere (0)
ok: water sphere flags the fluid channel only (0, 255)
ok: occupancy marks exactly the 8 bricks around the sphere (8 set, 0 wrong)
--- _test_liquid_mass
ok: liquid mass conserved with mixed fills: 2283520 -> 2283520
ok: sand count conserved through water
ok: non-liquids carry no amount (found 0)
ok: no water cell at zero amount (found 0)
ok: few tiny remnants (0 of 11960)
--- _test_u_bend
ok: u-bend mass conserved
ok: u-bend arms level out: left 9.07, right 9.04
ok: water actually crossed to the right arm (9.04)
--- _test_pressure_pipe
ok: pressure pipe mass conserved
amounts: (40,6)=244 (41,6)=244 (42,6)=244 (43,6)=244 (44,6)=244 (45,6)=244 (46,6)=244 (47,6)=244 (48,6)=244 (48,6)=244 (48,7)=242 (48,8)=240 (48,9)=238 (48,10)=236 (48,11)=234 (48,12)=232 (48,13)=230 tank bottom (30,6)=244 top (30,28)=200
ok: pressure pushes water up the pipe to the tank level: pipe 23.00 vs tank 23.41
--- _test_density_pass

COORDINATOR WATCHDOG TIMEOUT
