Godot Engine v4.6.3.stable.official.7d41c59c4 - https://godotengine.org

[   0% ] [90m[1mfirst_scan_filesystem[22m | Started Project initialization (5 steps)[39m[0m
[   0% ] [90m[1mfirst_scan_filesystem[22m | Scanning file structure...[39m[0m
[  16% ] [90m[1mfirst_scan_filesystem[22m | Loading global class names...[39m[0m
[  33% ] [90m[1mfirst_scan_filesystem[22m | Verifying GDExtensions...[39m[0m
[  50% ] [90m[1mfirst_scan_filesystem[22m | Creating autoload scripts...[39m[0m
[  66% ] [90m[1mfirst_scan_filesystem[22m | Initializing plugins...[39m[0m
[  83% ] [90m[1mfirst_scan_filesystem[22m | Starting file scan...[39m[0m
[92m[ DONE ][39m [1mfirst_scan_filesystem[22m
[0m
[   0% ] [90m[1mupdate_scripts_classes[22m | Started Registering global classes... (7 steps)[39m[0m
[   0% ] [90m[1mupdate_scripts_classes[22m | [39m[0m
[  12% ] [90m[1mupdate_scripts_classes[22m | [39m[0m
[  25% ] [90m[1mupdate_scripts_classes[22m | [39m[0m
[  37% ] [90m[1mupdate_scripts_classes[22m | [39m[0m
[  50% ] [90m[1mupdate_scripts_classes[22m | [39m[0m
[  62% ] [90m[1mupdate_scripts_classes[22m | [39m[0m
[  75% ] [90m[1mupdate_scripts_classes[22m | [39m[0m
[92m[ DONE ][39m [1mupdate_scripts_classes[22m
[0m
[   0% ] [90m[1m_update_scan_actions[22m | Started Scanning actions... (7 steps)[39m[0m
[   0% ] [90m[1m_update_scan_actions[22m | decode_state.glsl[39m[0m
[  12% ] [90m[1m_update_scan_actions[22m | face_audit.glsl[39m[0m
[  25% ] [90m[1m_update_scan_actions[22m | face_flux.glsl[39m[0m
[  37% ] [90m[1m_update_scan_actions[22m | fused_heat.glsl[39m[0m
[  50% ] [90m[1m_update_scan_actions[22m | gather_energy.glsl[39m[0m
[  62% ] [90m[1m_update_scan_actions[22m | reuse_audit.glsl[39m[0m
[  75% ] [90m[1m_update_scan_actions[22m | reuse_heat.glsl[39m[0m
[92m[ DONE ][39m [1m_update_scan_actions[22m
[0m
[   0% ] [90m[1mreimport[22m | Started (Re)Importing Assets (7 steps)[39m[0m
[   0% ] [90m[1mreimport[22m | Preparing files to reimport...[39m[0m
[  12% ] [90m[1mreimport[22m | Preparing files to reimport...[39m[0m
[  25% ] [90m[1mreimport[22m | Preparing files to reimport...[39m[0m
[  37% ] [90m[1mreimport[22m | Preparing files to reimport...[39m[0m
[  50% ] [90m[1mreimport[22m | Preparing files to reimport...[39m[0m
[  62% ] [90m[1mreimport[22m | Preparing files to reimport...[39m[0m
[  75% ] [90m[1mreimport[22m | Preparing files to reimport...[39m[0m
[   0% ] [90m[1mreimport[22m | Executing pre-reimport operations...[39m[0m
[   0% ] [90m[1mreimport[22m | decode_state.glsl[39m[0m
ERROR: /root/@EditorNode@18060/@Panel@14/@Control@40/ShaderFile: The function `is_visible_in_tree()` on this node can only be accessed from either the main thread or a thread group. Use `call_deferred()` instead.
   at: is_visible_in_tree (scene/main/canvas_item.cpp:63)
ERROR: /root/@EditorNode@18060/@Panel@14/@Control@40/ShaderFile: The function `is_visible_in_tree()` on this node can only be accessed from either the main thread or a thread group. Use `call_deferred()` instead.
   at: is_visible_in_tree (scene/main/canvas_item.cpp:63)
[  12% ] [90m[1mreimport[22m | face_audit.glsl[39m[0m
[  25% ] [90m[1mreimport[22m | face_flux.glsl[39m[0m
[  37% ] [90m[1mreimport[22m | fused_heat.glsl[39m[0m
[  50% ] [90m[1mreimport[22m | gather_energy.glsl[39m[0m
[  62% ] [90m[1mreimport[22m | reuse_audit.glsl[39m[0m
[  75% ] [90m[1mreimport[22m | reuse_heat.glsl[39m[0m
[  87% ] [90m[1mreimport[22m | Finalizing Asset Import...[39m[0m
[92m[ DONE ][39m [1mreimport[22m
[0m
[   0% ] [90m[1mreimport[22m | Started (Re)Importing Assets (7 steps)[39m[0m
[   0% ] [90m[1mreimport[22m | Executing post-reimport operations...[39m[0m
[92m[ DONE ][39m [1mreimport[22m
[0m
[   0% ] [90m[1mloading_editor_layout[22m | Started Loading editor (5 steps)[39m[0m
[   0% ] [90m[1mloading_editor_layout[22m | Loading editor layout...[39m[0m
[  16% ] [90m[1mloading_editor_layout[22m | Loading docks...[39m[0m
[92m[ DONE ][39m [1mloading_editor_layout[22m
[0m
ERROR: Attempting to parent and popup a dialog that already has a parent.
   at: _try_parent_dialog (scene/main/window.cpp:2172)
