=== session128 exit 0
Godot Engine v4.6.3.stable.official.7d41c59c4 - https://godotengine.org
Metal 4.0 - Forward+ - Using Device #0: Apple - Apple M5 Pro (Apple9)

EDITOR_SESSION_START {"godot_static_bytes":158399550,"history_bytes":0,"redo_entries":0,"renderer_video_bytes":188792832,"rss_kib":424736,"undo_entries":0}
ok: water dot target starts as isolated air
ok: untitled session Save shortcut requests a path
ok: untitled session Save writes the exact initial build
ok: cycle authored stroke has one transaction
ok: cycle paused radius-zero water click is a second transaction that lands as Water
ok: cycle Undo restores initial bytes
ok: cycle Redo restores authored bytes
ok: cycle enters running Test
ok: cycle normal scheduling advanced authoritative ticks while a live source was held
ok: cycle Pause stops authoritative ticks
ok: cycle Step advances exactly once
ok: cycle Return restores exact authored bytes
ok: cycle authored history survives Test and returns to baseline
ok: cycle Redo retains accumulated authored history across cycles
EDITOR_SESSION_CYCLE {"achieved_ticks_per_second":179.835450562735,"active_frames":36,"active_mean_ms":16.6813888888889,"active_p95_ms":17.145,"active_requested_ticks":108,"active_seconds":0.600549,"archive_roundtrip":false,"cap_frames":0,"cycle":1,"cycle_s":2.454698,"elapsed_s":2.454698,"file_phase":{},"memory":{"godot_static_bytes":192987890,"history_bytes":26624,"redo_entries":0,"renderer_video_bytes":188792832,"rss_kib":462624,"undo_entries":2},"retained_undo_entries":2}
ok: cycle authored stroke has one transaction
ok: cycle paused radius-zero water click is a second transaction that lands as Water
ok: cycle Undo restores initial bytes
ok: cycle Redo restores authored bytes
ok: cycle enters running Test
ok: cycle normal scheduling advanced authoritative ticks while a live source was held
ok: cycle Pause stops authoritative ticks
ok: cycle Step advances exactly once
ok: cycle Return restores exact authored bytes
ok: cycle authored history survives Test and returns to baseline
ok: cycle Redo retains accumulated authored history across cycles
EDITOR_SESSION_CYCLE {"achieved_ticks_per_second":180.0124549158,"active_frames":37,"active_mean_ms":16.665,"active_p95_ms":17.202,"active_requested_ticks":111,"active_seconds":0.616624,"archive_roundtrip":false,"cap_frames":0,"cycle":2,"cycle_s":2.374535,"elapsed_s":4.839225,"file_phase":{},"memory":{"godot_static_bytes":193013450,"history_bytes":40960,"redo_entries":0,"renderer_video_bytes":188792832,"rss_kib":470928,"undo_entries":4},"retained_undo_entries":4}
ok: cycle authored stroke has one transaction
ok: cycle paused radius-zero water click is a second transaction that lands as Water
ok: cycle Undo restores initial bytes
ok: cycle Redo restores authored bytes
ok: cycle enters running Test
ok: cycle normal scheduling advanced authoritative ticks while a live source was held
ok: cycle Pause stops authoritative ticks
ok: cycle Step advances exactly once
ok: cycle Return restores exact authored bytes
ok: cycle authored history survives Test and returns to baseline
ok: cycle Redo retains accumulated authored history across cycles
EDITOR_SESSION_CYCLE {"achieved_ticks_per_second":179.828862865506,"active_frames":36,"active_mean_ms":16.6821111111111,"active_p95_ms":17.116,"active_requested_ticks":108,"active_seconds":0.600571,"archive_roundtrip":false,"cap_frames":0,"cycle":3,"cycle_s":2.349035,"elapsed_s":7.203054,"file_phase":{},"memory":{"godot_static_bytes":193037142,"history_bytes":55296,"redo_entries":0,"renderer_video_bytes":188792832,"rss_kib":471104,"undo_entries":6},"retained_undo_entries":6}
ok: cycle authored stroke has one transaction
ok: cycle paused radius-zero water click is a second transaction that lands as Water
ok: cycle Undo restores initial bytes
ok: cycle Redo restores authored bytes
ok: cycle enters running Test
ok: cycle normal scheduling advanced authoritative ticks while a live source was held
ok: cycle Pause stops authoritative ticks
ok: cycle Step advances exactly once
ok: cycle Return restores exact authored bytes
ok: cycle authored history survives Test and returns to baseline
ok: cycle Redo retains accumulated authored history across cycles
EDITOR_SESSION_CYCLE {"achieved_ticks_per_second":180.270600788318,"active_frames":37,"active_mean_ms":16.6412432432432,"active_p95_ms":17.376,"active_requested_ticks":111,"active_seconds":0.615741,"archive_roundtrip":false,"cap_frames":0,"cycle":4,"cycle_s":2.375417,"elapsed_s":9.586665,"file_phase":{},"memory":{"godot_static_bytes":193060842,"history_bytes":69632,"redo_entries":0,"renderer_video_bytes":188792832,"rss_kib":471216,"undo_entries":8},"retained_undo_entries":8}
ok: cycle authored stroke has one transaction
ok: cycle paused radius-zero water click is a second transaction that lands as Water
ok: cycle Undo restores initial bytes
ok: cycle Redo restores authored bytes
ok: cycle enters running Test
ok: cycle normal scheduling advanced authoritative ticks while a live source was held
ok: cycle Pause stops authoritative ticks
ok: cycle Step advances exactly once
ok: cycle Return restores exact authored bytes
ok: cycle authored history survives Test and returns to baseline
ok: cycle Redo retains accumulated authored history across cycles
ok: phase Save As shortcut requests a path for the named build
ok: phase Save As writes the exact accumulated build and switches the active file
ok: phase temporary stroke makes the named build dirty
ok: dirty periodic Open requests explicit discard
ok: phase Cancel in the unsaved-build dialog preserves the dirty construction and file
ok: dirty periodic Open requests explicit discard
ok: phase Save in the unsaved-build dialog saves the dirty build exactly, then opens the requested file
ok: phase second temporary stroke dirties the reopened initial build
ok: dirty periodic Open requests explicit discard
ok: phase Discard in the unsaved-build dialog restores the requested file and clears history
ok: phase named Save shortcut saves directly without a chooser
ok: phase named Save shortcut rewrites the exact initial build once
ok: periodic asynchronous Save/Open restores baseline and clears old history
EDITOR_SESSION_CYCLE {"achieved_ticks_per_second":183.199292517641,"active_frames":36,"active_mean_ms":16.6782777777778,"active_p95_ms":17.222,"active_requested_ticks":110,"active_seconds":0.600439,"archive_roundtrip":true,"cap_frames":0,"cycle":5,"cycle_s":3.982872,"elapsed_s":13.583877,"file_phase":{"cancel":true,"discard":true,"modifier":"ctrl","named_save":true,"phase":1,"save_as":true,"save_first":true},"memory":{"godot_static_bytes":193014918,"history_bytes":0,"redo_entries":0,"renderer_video_bytes":197328896,"rss_kib":480464,"undo_entries":0},"retained_undo_entries":0}
ok: cycle authored stroke has one transaction
ok: cycle paused radius-zero water click is a second transaction that lands as Water
ok: cycle Undo restores initial bytes
ok: cycle Redo restores authored bytes
ok: cycle enters running Test
ok: cycle normal scheduling advanced authoritative ticks while a live source was held
ok: cycle Pause stops authoritative ticks
ok: cycle Step advances exactly once
ok: cycle Return restores exact authored bytes
ok: cycle authored history survives Test and returns to baseline
ok: cycle Redo retains accumulated authored history across cycles
EDITOR_SESSION_CYCLE {"achieved_ticks_per_second":180.27879872603,"active_frames":37,"active_mean_ms":16.6406486486486,"active_p95_ms":17.361,"active_requested_ticks":111,"active_seconds":0.615713,"archive_roundtrip":false,"cap_frames":0,"cycle":6,"cycle_s":2.398865,"elapsed_s":15.9899,"file_phase":{},"memory":{"godot_static_bytes":193046930,"history_bytes":26624,"redo_entries":0,"renderer_video_bytes":197328896,"rss_kib":488752,"undo_entries":2},"retained_undo_entries":2}
ok: cycle authored stroke has one transaction
ok: cycle paused radius-zero water click is a second transaction that lands as Water
ok: cycle Undo restores initial bytes
ok: cycle Redo restores authored bytes
ok: cycle enters running Test
ok: cycle normal scheduling advanced authoritative ticks while a live source was held
ok: cycle Pause stops authoritative ticks
ok: cycle Step advances exactly once
ok: cycle Return restores exact authored bytes
ok: cycle authored history survives Test and returns to baseline
ok: cycle Redo retains accumulated authored history across cycles
EDITOR_SESSION_CYCLE {"achieved_ticks_per_second":180.221136204965,"active_frames":37,"active_mean_ms":16.6458108108108,"active_p95_ms":17.373,"active_requested_ticks":111,"active_seconds":0.61591,"archive_roundtrip":false,"cap_frames":0,"cycle":7,"cycle_s":2.367986,"elapsed_s":18.372296,"file_phase":{},"memory":{"godot_static_bytes":193070174,"history_bytes":40960,"redo_entries":0,"renderer_video_bytes":197328896,"rss_kib":488784,"undo_entries":4},"retained_undo_entries":4}
ok: cycle authored stroke has one transaction
ok: cycle paused radius-zero water click is a second transaction that lands as Water
ok: cycle Undo restores initial bytes
ok: cycle Redo restores authored bytes
ok: cycle enters running Test
ok: cycle normal scheduling advanced authoritative ticks while a live source was held
ok: cycle Pause stops authoritative ticks
ok: cycle Step advances exactly once
ok: cycle Return restores exact authored bytes
ok: cycle authored history survives Test and returns to baseline
ok: cycle Redo retains accumulated authored history across cycles
EDITOR_SESSION_CYCLE {"achieved_ticks_per_second":179.96010884254,"active_frames":36,"active_mean_ms":16.66975,"active_p95_ms":17.343,"active_requested_ticks":108,"active_seconds":0.600133,"archive_roundtrip":false,"cap_frames":0,"cycle":8,"cycle_s":2.350231,"elapsed_s":20.735543,"file_phase":{},"memory":{"godot_static_bytes":193093866,"history_bytes":55296,"redo_entries":0,"renderer_video_bytes":197328896,"rss_kib":488896,"undo_entries":6},"retained_undo_entries":6}
ok: cycle authored stroke has one transaction
ok: cycle paused radius-zero water click is a second transaction that lands as Water
ok: cycle Undo restores initial bytes
ok: cycle Redo restores authored bytes
ok: cycle enters running Test
ok: cycle normal scheduling advanced authoritative ticks while a live source was held
ok: cycle Pause stops authoritative ticks
ok: cycle Step advances exactly once
ok: cycle Return restores exact authored bytes
ok: cycle authored history survives Test and returns to baseline
ok: cycle Redo retains accumulated authored history across cycles
EDITOR_SESSION_CYCLE {"achieved_ticks_per_second":180.037272581297,"active_frames":37,"active_mean_ms":16.6627567567568,"active_p95_ms":17.146,"active_requested_ticks":111,"active_seconds":0.616539,"archive_roundtrip":false,"cap_frames":0,"cycle":9,"cycle_s":2.376688,"elapsed_s":23.121614,"file_phase":{},"memory":{"godot_static_bytes":193117486,"history_bytes":69632,"redo_entries":0,"renderer_video_bytes":197328896,"rss_kib":488896,"undo_entries":8},"retained_undo_entries":8}
ok: cycle authored stroke has one transaction
ok: cycle paused radius-zero water click is a second transaction that lands as Water
ok: cycle Undo restores initial bytes
ok: cycle Redo restores authored bytes
ok: cycle enters running Test
ok: cycle normal scheduling advanced authoritative ticks while a live source was held
ok: cycle Pause stops authoritative ticks
ok: cycle Step advances exactly once
ok: cycle Return restores exact authored bytes
ok: cycle authored history survives Test and returns to baseline
ok: cycle Redo retains accumulated authored history across cycles
ok: phase Save As shortcut requests a path for the named build
ok: phase Save As writes the exact accumulated build and switches the active file
ok: phase temporary stroke makes the named build dirty
ok: dirty periodic Open requests explicit discard
ok: phase Cancel in the unsaved-build dialog preserves the dirty construction and file
ok: dirty periodic Open requests explicit discard
ok: phase Save in the unsaved-build dialog saves the dirty build exactly, then opens the requested file
ok: phase second temporary stroke dirties the reopened initial build
ok: dirty periodic Open requests explicit discard
ok: phase Discard in the unsaved-build dialog restores the requested file and clears history
ok: phase named Save shortcut saves directly without a chooser
ok: phase named Save shortcut rewrites the exact initial build once
ok: periodic asynchronous Save/Open restores baseline and clears old history
EDITOR_SESSION_CYCLE {"achieved_ticks_per_second":179.8333544249,"active_frames":36,"active_mean_ms":16.6816666666667,"active_p95_ms":17.155,"active_requested_ticks":108,"active_seconds":0.600556,"archive_roundtrip":true,"cap_frames":0,"cycle":10,"cycle_s":3.968355,"elapsed_s":27.099804,"file_phase":{"cancel":true,"discard":true,"modifier":"meta","named_save":true,"phase":2,"save_as":true,"save_first":true},"memory":{"godot_static_bytes":193026874,"history_bytes":0,"redo_entries":0,"renderer_video_bytes":197328896,"rss_kib":488928,"undo_entries":0},"retained_undo_entries":0}
ok: cycle authored stroke has one transaction
ok: cycle paused radius-zero water click is a second transaction that lands as Water
ok: cycle Undo restores initial bytes
ok: cycle Redo restores authored bytes
ok: cycle enters running Test
ok: cycle normal scheduling advanced authoritative ticks while a live source was held
ok: cycle Pause stops authoritative ticks
ok: cycle Step advances exactly once
ok: cycle Return restores exact authored bytes
ok: cycle authored history survives Test and returns to baseline
ok: cycle Redo retains accumulated authored history across cycles
EDITOR_SESSION_CYCLE {"achieved_ticks_per_second":179.957410079615,"active_frames":36,"active_mean_ms":16.6702222222222,"active_p95_ms":17.328,"active_requested_ticks":108,"active_seconds":0.600142,"archive_roundtrip":false,"cap_frames":0,"cycle":11,"cycle_s":2.363227,"elapsed_s":29.470418,"file_phase":{},"memory":{"godot_static_bytes":193059650,"history_bytes":26624,"redo_entries":0,"renderer_video_bytes":197328896,"rss_kib":488960,"undo_entries":2},"retained_undo_entries":2}
ok: cycle authored stroke has one transaction
ok: cycle paused radius-zero water click is a second transaction that lands as Water
ok: cycle Undo restores initial bytes
ok: cycle Redo restores authored bytes
ok: cycle enters running Test
ok: cycle normal scheduling advanced authoritative ticks while a live source was held
ok: cycle Pause stops authoritative ticks
ok: cycle Step advances exactly once
ok: cycle Return restores exact authored bytes
ok: cycle authored history survives Test and returns to baseline
ok: cycle Redo retains accumulated authored history across cycles
EDITOR_SESSION_CYCLE {"achieved_ticks_per_second":180.326537243116,"active_frames":37,"active_mean_ms":16.6361351351351,"active_p95_ms":17.543,"active_requested_ticks":111,"active_seconds":0.61555,"archive_roundtrip":false,"cap_frames":0,"cycle":12,"cycle_s":2.368653,"elapsed_s":31.853572,"file_phase":{},"memory":{"godot_static_bytes":193082146,"history_bytes":40960,"redo_entries":0,"renderer_video_bytes":197328896,"rss_kib":489024,"undo_entries":4},"retained_undo_entries":4}
ok: session completed at least one cycle
ok: every file phase answered the unsaved-build dialog with Save, Discard and Cancel
Editor session soak: 163 checks, 0 failures; cycles=12; file phases=2

=== session256 exit 0
Godot Engine v4.6.3.stable.official.7d41c59c4 - https://godotengine.org
Metal 4.0 - Forward+ - Using Device #0: Apple - Apple M5 Pro (Apple9)

EDITOR_SESSION_START {"godot_static_bytes":217832032,"history_bytes":0,"redo_entries":0,"renderer_video_bytes":400277504,"rss_kib":655888,"undo_entries":0}
ok: water dot target starts as isolated air
ok: untitled session Save shortcut requests a path
ok: untitled session Save writes the exact initial build
ok: cycle authored stroke has one transaction
ok: cycle paused radius-zero water click is a second transaction that lands as Water
ok: cycle Undo restores initial bytes
ok: cycle Redo restores authored bytes
ok: cycle enters running Test
ok: cycle normal scheduling advanced authoritative ticks while a live source was held
ok: cycle Pause stops authoritative ticks
ok: cycle Step advances exactly once
ok: cycle Return restores exact authored bytes
ok: cycle authored history survives Test and returns to baseline
ok: cycle Redo retains accumulated authored history across cycles
EDITOR_SESSION_CYCLE {"achieved_ticks_per_second":115.708004422617,"active_frames":32,"active_mean_ms":19.44509375,"active_p95_ms":27.09,"active_requested_ticks":72,"active_seconds":0.622256,"archive_roundtrip":false,"cap_frames":8,"cycle":1,"cycle_s":2.489504,"elapsed_s":2.489504,"file_phase":{},"memory":{"godot_static_bytes":487312876,"history_bytes":34816,"redo_entries":0,"renderer_video_bytes":400277504,"rss_kib":865648,"undo_entries":2},"retained_undo_entries":2}
ok: cycle authored stroke has one transaction
ok: cycle paused radius-zero water click is a second transaction that lands as Water
ok: cycle Undo restores initial bytes
ok: cycle Redo restores authored bytes
ok: cycle enters running Test
ok: cycle normal scheduling advanced authoritative ticks while a live source was held
ok: cycle Pause stops authoritative ticks
ok: cycle Step advances exactly once
ok: cycle Return restores exact authored bytes
ok: cycle authored history survives Test and returns to baseline
ok: cycle Redo retains accumulated authored history across cycles
EDITOR_SESSION_CYCLE {"achieved_ticks_per_second":119.889501842469,"active_frames":36,"active_mean_ms":16.6814444444444,"active_p95_ms":17.392,"active_requested_ticks":72,"active_seconds":0.600553,"archive_roundtrip":false,"cap_frames":0,"cycle":2,"cycle_s":2.383351,"elapsed_s":4.879953,"file_phase":{},"memory":{"godot_static_bytes":487343716,"history_bytes":53248,"redo_entries":0,"renderer_video_bytes":400277504,"rss_kib":931360,"undo_entries":4},"retained_undo_entries":4}
ok: cycle authored stroke has one transaction
ok: cycle paused radius-zero water click is a second transaction that lands as Water
ok: cycle Undo restores initial bytes
ok: cycle Redo restores authored bytes
ok: cycle enters running Test
ok: cycle normal scheduling advanced authoritative ticks while a live source was held
ok: cycle Pause stops authoritative ticks
ok: cycle Step advances exactly once
ok: cycle Return restores exact authored bytes
ok: cycle authored history survives Test and returns to baseline
ok: cycle Redo retains accumulated authored history across cycles
EDITOR_SESSION_CYCLE {"achieved_ticks_per_second":121.762932441055,"active_frames":37,"active_mean_ms":16.6470540540541,"active_p95_ms":16.989,"active_requested_ticks":75,"active_seconds":0.615951,"archive_roundtrip":false,"cap_frames":1,"cycle":3,"cycle_s":2.413437,"elapsed_s":7.304192,"file_phase":{},"memory":{"godot_static_bytes":487372068,"history_bytes":71680,"redo_entries":0,"renderer_video_bytes":400277504,"rss_kib":931376,"undo_entries":6},"retained_undo_entries":6}
ok: cycle authored stroke has one transaction
ok: cycle paused radius-zero water click is a second transaction that lands as Water
ok: cycle Undo restores initial bytes
ok: cycle Redo restores authored bytes
ok: cycle enters running Test
ok: cycle normal scheduling advanced authoritative ticks while a live source was held
ok: cycle Pause stops authoritative ticks
ok: cycle Step advances exactly once
ok: cycle Return restores exact authored bytes
ok: cycle authored history survives Test and returns to baseline
ok: cycle Redo retains accumulated authored history across cycles
EDITOR_SESSION_CYCLE {"achieved_ticks_per_second":119.842806185886,"active_frames":36,"active_mean_ms":16.6879166666667,"active_p95_ms":17.496,"active_requested_ticks":72,"active_seconds":0.600787,"archive_roundtrip":false,"cap_frames":1,"cycle":4,"cycle_s":2.400356,"elapsed_s":9.712586,"file_phase":{},"memory":{"godot_static_bytes":487402092,"history_bytes":90112,"redo_entries":0,"renderer_video_bytes":400277504,"rss_kib":931440,"undo_entries":8},"retained_undo_entries":8}
ok: cycle authored stroke has one transaction
ok: cycle paused radius-zero water click is a second transaction that lands as Water
ok: cycle Undo restores initial bytes
ok: cycle Redo restores authored bytes
ok: cycle enters running Test
ok: cycle normal scheduling advanced authoritative ticks while a live source was held
ok: cycle Pause stops authoritative ticks
ok: cycle Step advances exactly once
ok: cycle Return restores exact authored bytes
ok: cycle authored history survives Test and returns to baseline
ok: cycle Redo retains accumulated authored history across cycles
ok: phase Save As shortcut requests a path for the named build
ok: phase Save As writes the exact accumulated build and switches the active file
ok: phase temporary stroke makes the named build dirty
ok: dirty periodic Open requests explicit discard
ok: phase Cancel in the unsaved-build dialog preserves the dirty construction and file
ok: dirty periodic Open requests explicit discard
ok: phase Save in the unsaved-build dialog saves the dirty build exactly, then opens the requested file
ok: phase second temporary stroke dirties the reopened initial build
ok: dirty periodic Open requests explicit discard
ok: phase Discard in the unsaved-build dialog restores the requested file and clears history
ok: phase named Save shortcut saves directly without a chooser
ok: phase named Save shortcut rewrites the exact initial build once
ok: periodic asynchronous Save/Open restores baseline and clears old history
EDITOR_SESSION_CYCLE {"achieved_ticks_per_second":115.140479609444,"active_frames":34,"active_mean_ms":17.8805882352941,"active_p95_ms":25.217,"active_requested_ticks":70,"active_seconds":0.607953,"archive_roundtrip":true,"cap_frames":3,"cycle":5,"cycle_s":8.012108,"elapsed_s":17.734988,"file_phase":{"cancel":true,"discard":true,"modifier":"ctrl","named_save":true,"phase":1,"save_as":true,"save_first":true},"memory":{"godot_static_bytes":487328208,"history_bytes":0,"redo_entries":0,"renderer_video_bytes":408813568,"rss_kib":998464,"undo_entries":0},"retained_undo_entries":0}
ok: cycle authored stroke has one transaction
ok: cycle paused radius-zero water click is a second transaction that lands as Water
ok: cycle Undo restores initial bytes
ok: cycle Redo restores authored bytes
ok: cycle enters running Test
ok: cycle normal scheduling advanced authoritative ticks while a live source was held
ok: cycle Pause stops authoritative ticks
ok: cycle Step advances exactly once
ok: cycle Return restores exact authored bytes
ok: cycle authored history survives Test and returns to baseline
ok: cycle Redo retains accumulated authored history across cycles
EDITOR_SESSION_CYCLE {"achieved_ticks_per_second":114.966851224564,"active_frames":34,"active_mean_ms":17.6517941176471,"active_p95_ms":20.334,"active_requested_ticks":69,"active_seconds":0.600173,"archive_roundtrip":false,"cap_frames":1,"cycle":6,"cycle_s":2.432654,"elapsed_s":20.175579,"file_phase":{},"memory":{"godot_static_bytes":487372824,"history_bytes":34816,"redo_entries":0,"renderer_video_bytes":408813568,"rss_kib":1064080,"undo_entries":2},"retained_undo_entries":2}
ok: cycle authored stroke has one transaction
ok: cycle paused radius-zero water click is a second transaction that lands as Water
ok: cycle Undo restores initial bytes
ok: cycle Redo restores authored bytes
ok: cycle enters running Test
ok: cycle normal scheduling advanced authoritative ticks while a live source was held
ok: cycle Pause stops authoritative ticks
ok: cycle Step advances exactly once
ok: cycle Return restores exact authored bytes
ok: cycle authored history survives Test and returns to baseline
ok: cycle Redo retains accumulated authored history across cycles
EDITOR_SESSION_CYCLE {"achieved_ticks_per_second":121.611536103633,"active_frames":36,"active_mean_ms":16.6741666666667,"active_p95_ms":17.157,"active_requested_ticks":73,"active_seconds":0.600272,"archive_roundtrip":false,"cap_frames":1,"cycle":7,"cycle_s":2.382551,"elapsed_s":22.567217,"file_phase":{},"memory":{"godot_static_bytes":487399924,"history_bytes":53248,"redo_entries":0,"renderer_video_bytes":408813568,"rss_kib":1064112,"undo_entries":4},"retained_undo_entries":4}
ok: cycle authored stroke has one transaction
ok: cycle paused radius-zero water click is a second transaction that lands as Water
ok: cycle Undo restores initial bytes
ok: cycle Redo restores authored bytes
ok: cycle enters running Test
ok: cycle normal scheduling advanced authoritative ticks while a live source was held
ok: cycle Pause stops authoritative ticks
ok: cycle Step advances exactly once
ok: cycle Return restores exact authored bytes
ok: cycle authored history survives Test and returns to baseline
ok: cycle Redo retains accumulated authored history across cycles
EDITOR_SESSION_CYCLE {"achieved_ticks_per_second":121.428464495481,"active_frames":36,"active_mean_ms":16.69875,"active_p95_ms":17.161,"active_requested_ticks":73,"active_seconds":0.601177,"archive_roundtrip":false,"cap_frames":1,"cycle":8,"cycle_s":2.418687,"elapsed_s":24.993434,"file_phase":{},"memory":{"godot_static_bytes":487429016,"history_bytes":71680,"redo_entries":0,"renderer_video_bytes":408813568,"rss_kib":1064112,"undo_entries":6},"retained_undo_entries":6}
ok: cycle authored stroke has one transaction
ok: cycle paused radius-zero water click is a second transaction that lands as Water
ok: cycle Undo restores initial bytes
ok: cycle Redo restores authored bytes
ok: cycle enters running Test
ok: cycle normal scheduling advanced authoritative ticks while a live source was held
ok: cycle Pause stops authoritative ticks
ok: cycle Step advances exactly once
ok: cycle Return restores exact authored bytes
ok: cycle authored history survives Test and returns to baseline
ok: cycle Redo retains accumulated authored history across cycles
EDITOR_SESSION_CYCLE {"achieved_ticks_per_second":120.266145730064,"active_frames":37,"active_mean_ms":16.6295405405405,"active_p95_ms":17.408,"active_requested_ticks":74,"active_seconds":0.615302,"archive_roundtrip":false,"cap_frames":0,"cycle":9,"cycle_s":2.403891,"elapsed_s":27.405413,"file_phase":{},"memory":{"godot_static_bytes":487458776,"history_bytes":90112,"redo_entries":0,"renderer_video_bytes":408813568,"rss_kib":1064128,"undo_entries":8},"retained_undo_entries":8}
ok: cycle authored stroke has one transaction
ok: cycle paused radius-zero water click is a second transaction that lands as Water
ok: cycle Undo restores initial bytes
ok: cycle Redo restores authored bytes
ok: cycle enters running Test
ok: cycle normal scheduling advanced authoritative ticks while a live source was held
ok: cycle Pause stops authoritative ticks
ok: cycle Step advances exactly once
ok: cycle Return restores exact authored bytes
ok: cycle authored history survives Test and returns to baseline
ok: cycle Redo retains accumulated authored history across cycles
ok: phase Save As shortcut requests a path for the named build
ok: phase Save As writes the exact accumulated build and switches the active file
ok: phase temporary stroke makes the named build dirty
ok: dirty periodic Open requests explicit discard
ok: phase Cancel in the unsaved-build dialog preserves the dirty construction and file
ok: dirty periodic Open requests explicit discard
ok: phase Save in the unsaved-build dialog saves the dirty build exactly, then opens the requested file
ok: phase second temporary stroke dirties the reopened initial build
ok: dirty periodic Open requests explicit discard
ok: phase Discard in the unsaved-build dialog restores the requested file and clears history
ok: phase named Save shortcut saves directly without a chooser
ok: phase named Save shortcut rewrites the exact initial build once
ok: periodic asynchronous Save/Open restores baseline and clears old history
EDITOR_SESSION_CYCLE {"achieved_ticks_per_second":113.008415032412,"active_frames":33,"active_mean_ms":18.5019090909091,"active_p95_ms":27.226,"active_requested_ticks":69,"active_seconds":0.610574,"archive_roundtrip":true,"cap_frames":3,"cycle":10,"cycle_s":7.993688,"elapsed_s":35.408706,"file_phase":{"cancel":true,"discard":true,"modifier":"meta","named_save":true,"phase":2,"save_as":true,"save_first":true},"memory":{"godot_static_bytes":487340268,"history_bytes":0,"redo_entries":0,"renderer_video_bytes":408813568,"rss_kib":998672,"undo_entries":0},"retained_undo_entries":0}
ok: cycle authored stroke has one transaction
ok: cycle paused radius-zero water click is a second transaction that lands as Water
ok: cycle Undo restores initial bytes
ok: cycle Redo restores authored bytes
ok: cycle enters running Test
ok: cycle normal scheduling advanced authoritative ticks while a live source was held
ok: cycle Pause stops authoritative ticks
ok: cycle Step advances exactly once
ok: cycle Return restores exact authored bytes
ok: cycle authored history survives Test and returns to baseline
ok: cycle Redo retains accumulated authored history across cycles
EDITOR_SESSION_CYCLE {"achieved_ticks_per_second":117.421616993517,"active_frames":35,"active_mean_ms":17.5189714285714,"active_p95_ms":20.476,"active_requested_ticks":72,"active_seconds":0.613175,"archive_roundtrip":false,"cap_frames":2,"cycle":11,"cycle_s":2.40816,"elapsed_s":37.824633,"file_phase":{},"memory":{"godot_static_bytes":487384900,"history_bytes":34816,"redo_entries":0,"renderer_video_bytes":408813568,"rss_kib":1064208,"undo_entries":2},"retained_undo_entries":2}
ok: cycle authored stroke has one transaction
ok: cycle paused radius-zero water click is a second transaction that lands as Water
ok: cycle Undo restores initial bytes
ok: cycle Redo restores authored bytes
ok: cycle enters running Test
ok: cycle normal scheduling advanced authoritative ticks while a live source was held
ok: cycle Pause stops authoritative ticks
ok: cycle Step advances exactly once
ok: cycle Return restores exact authored bytes
ok: cycle authored history survives Test and returns to baseline
ok: cycle Redo retains accumulated authored history across cycles
EDITOR_SESSION_CYCLE {"achieved_ticks_per_second":121.896118502531,"active_frames":37,"active_mean_ms":16.6289189189189,"active_p95_ms":17.199,"active_requested_ticks":75,"active_seconds":0.615278,"archive_roundtrip":false,"cap_frames":1,"cycle":12,"cycle_s":2.42621,"elapsed_s":40.260384,"file_phase":{},"memory":{"godot_static_bytes":487412636,"history_bytes":53248,"redo_entries":0,"renderer_video_bytes":408813568,"rss_kib":1064240,"undo_entries":4},"retained_undo_entries":4}
ok: cycle authored stroke has one transaction
ok: cycle paused radius-zero water click is a second transaction that lands as Water
ok: cycle Undo restores initial bytes
ok: cycle Redo restores authored bytes
ok: cycle enters running Test
ok: cycle normal scheduling advanced authoritative ticks while a live source was held
ok: cycle Pause stops authoritative ticks
ok: cycle Step advances exactly once
ok: cycle Return restores exact authored bytes
ok: cycle authored history survives Test and returns to baseline
ok: cycle Redo retains accumulated authored history across cycles
EDITOR_SESSION_CYCLE {"achieved_ticks_per_second":120.025627093352,"active_frames":37,"active_mean_ms":16.6625945945946,"active_p95_ms":17.123,"active_requested_ticks":74,"active_seconds":0.616535,"archive_roundtrip":false,"cap_frames":0,"cycle":13,"cycle_s":2.366994,"elapsed_s":42.636758,"file_phase":{},"memory":{"godot_static_bytes":487441728,"history_bytes":71680,"redo_entries":0,"renderer_video_bytes":408813568,"rss_kib":1064240,"undo_entries":6},"retained_undo_entries":6}
ok: cycle authored stroke has one transaction
ok: cycle paused radius-zero water click is a second transaction that lands as Water
ok: cycle Undo restores initial bytes
ok: cycle Redo restores authored bytes
ok: cycle enters running Test
ok: cycle normal scheduling advanced authoritative ticks while a live source was held
ok: cycle Pause stops authoritative ticks
ok: cycle Step advances exactly once
ok: cycle Return restores exact authored bytes
ok: cycle authored history survives Test and returns to baseline
ok: cycle Redo retains accumulated authored history across cycles
EDITOR_SESSION_CYCLE {"achieved_ticks_per_second":119.906872329158,"active_frames":36,"active_mean_ms":16.6790833333333,"active_p95_ms":17.62,"active_requested_ticks":72,"active_seconds":0.600466,"archive_roundtrip":false,"cap_frames":0,"cycle":14,"cycle_s":2.379748,"elapsed_s":45.024384,"file_phase":{},"memory":{"godot_static_bytes":487470892,"history_bytes":90112,"redo_entries":0,"renderer_video_bytes":408813568,"rss_kib":1064240,"undo_entries":8},"retained_undo_entries":8}
ok: cycle authored stroke has one transaction
ok: cycle paused radius-zero water click is a second transaction that lands as Water
ok: cycle Undo restores initial bytes
ok: cycle Redo restores authored bytes
ok: cycle enters running Test
ok: cycle normal scheduling advanced authoritative ticks while a live source was held
ok: cycle Pause stops authoritative ticks
ok: cycle Step advances exactly once
ok: cycle Return restores exact authored bytes
ok: cycle authored history survives Test and returns to baseline
ok: cycle Redo retains accumulated authored history across cycles
ok: phase Save As shortcut requests a path for the named build
ok: phase Save As writes the exact accumulated build and switches the active file
ok: phase temporary stroke makes the named build dirty
ok: dirty periodic Open requests explicit discard
ok: phase Cancel in the unsaved-build dialog preserves the dirty construction and file
ok: dirty periodic Open requests explicit discard
ok: phase Save in the unsaved-build dialog saves the dirty build exactly, then opens the requested file
ok: phase second temporary stroke dirties the reopened initial build
ok: dirty periodic Open requests explicit discard
ok: phase Discard in the unsaved-build dialog restores the requested file and clears history
ok: phase named Save shortcut saves directly without a chooser
ok: phase named Save shortcut rewrites the exact initial build once
ok: periodic asynchronous Save/Open restores baseline and clears old history
EDITOR_SESSION_CYCLE {"achieved_ticks_per_second":118.382889726338,"active_frames":36,"active_mean_ms":16.8940833333333,"active_p95_ms":17.492,"active_requested_ticks":72,"active_seconds":0.608196,"archive_roundtrip":true,"cap_frames":0,"cycle":15,"cycle_s":7.917574,"elapsed_s":52.949726,"file_phase":{"cancel":true,"discard":true,"modifier":"ctrl","named_save":true,"phase":3,"save_as":true,"save_first":true},"memory":{"godot_static_bytes":487352240,"history_bytes":0,"redo_entries":0,"renderer_video_bytes":408813568,"rss_kib":998736,"undo_entries":0},"retained_undo_entries":0}
ok: cycle authored stroke has one transaction
ok: cycle paused radius-zero water click is a second transaction that lands as Water
ok: cycle Undo restores initial bytes
ok: cycle Redo restores authored bytes
ok: cycle enters running Test
ok: cycle normal scheduling advanced authoritative ticks while a live source was held
ok: cycle Pause stops authoritative ticks
ok: cycle Step advances exactly once
ok: cycle Return restores exact authored bytes
ok: cycle authored history survives Test and returns to baseline
ok: cycle Redo retains accumulated authored history across cycles
EDITOR_SESSION_CYCLE {"achieved_ticks_per_second":117.565019092237,"active_frames":33,"active_mean_ms":18.8156060606061,"active_p95_ms":27.397,"active_requested_ticks":73,"active_seconds":0.620933,"archive_roundtrip":false,"cap_frames":7,"cycle":16,"cycle_s":2.433693,"elapsed_s":55.390981,"file_phase":{},"memory":{"godot_static_bytes":487396872,"history_bytes":34816,"redo_entries":0,"renderer_video_bytes":408813568,"rss_kib":1064336,"undo_entries":2},"retained_undo_entries":2}
ok: cycle authored stroke has one transaction
ok: cycle paused radius-zero water click is a second transaction that lands as Water
ok: cycle Undo restores initial bytes
ok: cycle Redo restores authored bytes
ok: cycle enters running Test
ok: cycle normal scheduling advanced authoritative ticks while a live source was held
ok: cycle Pause stops authoritative ticks
ok: cycle Step advances exactly once
ok: cycle Return restores exact authored bytes
ok: cycle authored history survives Test and returns to baseline
ok: cycle Redo retains accumulated authored history across cycles
EDITOR_SESSION_CYCLE {"achieved_ticks_per_second":119.838218405153,"active_frames":36,"active_mean_ms":16.6886944444444,"active_p95_ms":17.696,"active_requested_ticks":72,"active_seconds":0.60081,"archive_roundtrip":false,"cap_frames":0,"cycle":17,"cycle_s":2.376687,"elapsed_s":57.776751,"file_phase":{},"memory":{"godot_static_bytes":487424608,"history_bytes":53248,"redo_entries":0,"renderer_video_bytes":408813568,"rss_kib":1064336,"undo_entries":4},"retained_undo_entries":4}
ok: cycle authored stroke has one transaction
ok: cycle paused radius-zero water click is a second transaction that lands as Water
ok: cycle Undo restores initial bytes
ok: cycle Redo restores authored bytes
ok: cycle enters running Test
ok: cycle normal scheduling advanced authoritative ticks while a live source was held
ok: cycle Pause stops authoritative ticks
ok: cycle Step advances exactly once
ok: cycle Return restores exact authored bytes
ok: cycle authored history survives Test and returns to baseline
ok: cycle Redo retains accumulated authored history across cycles
EDITOR_SESSION_CYCLE {"achieved_ticks_per_second":120.261845791811,"active_frames":37,"active_mean_ms":16.6298918918919,"active_p95_ms":17.183,"active_requested_ticks":74,"active_seconds":0.615324,"archive_roundtrip":false,"cap_frames":0,"cycle":18,"cycle_s":2.42016,"elapsed_s":60.206772,"file_phase":{},"memory":{"godot_static_bytes":487453700,"history_bytes":71680,"redo_entries":0,"renderer_video_bytes":408813568,"rss_kib":1064336,"undo_entries":6},"retained_undo_entries":6}
ok: cycle authored stroke has one transaction
ok: cycle paused radius-zero water click is a second transaction that lands as Water
ok: cycle Undo restores initial bytes
ok: cycle Redo restores authored bytes
ok: cycle enters running Test
ok: cycle normal scheduling advanced authoritative ticks while a live source was held
ok: cycle Pause stops authoritative ticks
ok: cycle Step advances exactly once
ok: cycle Return restores exact authored bytes
ok: cycle authored history survives Test and returns to baseline
ok: cycle Redo retains accumulated authored history across cycles
EDITOR_SESSION_CYCLE {"achieved_ticks_per_second":119.995000208325,"active_frames":36,"active_mean_ms":16.6668055555556,"active_p95_ms":17.554,"active_requested_ticks":72,"active_seconds":0.600025,"archive_roundtrip":false,"cap_frames":0,"cycle":19,"cycle_s":2.35735,"elapsed_s":62.572901,"file_phase":{},"memory":{"godot_static_bytes":487482720,"history_bytes":90112,"redo_entries":0,"renderer_video_bytes":408813568,"rss_kib":1064352,"undo_entries":8},"retained_undo_entries":8}
ok: cycle authored stroke has one transaction
ok: cycle paused radius-zero water click is a second transaction that lands as Water
ok: cycle Undo restores initial bytes
ok: cycle Redo restores authored bytes
ok: cycle enters running Test
ok: cycle normal scheduling advanced authoritative ticks while a live source was held
ok: cycle Pause stops authoritative ticks
ok: cycle Step advances exactly once
ok: cycle Return restores exact authored bytes
ok: cycle authored history survives Test and returns to baseline
ok: cycle Redo retains accumulated authored history across cycles
ok: phase Save As shortcut requests a path for the named build
ok: phase Save As writes the exact accumulated build and switches the active file
ok: phase temporary stroke makes the named build dirty
ok: dirty periodic Open requests explicit discard
ok: phase Cancel in the unsaved-build dialog preserves the dirty construction and file
ok: dirty periodic Open requests explicit discard
ok: phase Save in the unsaved-build dialog saves the dirty build exactly, then opens the requested file
ok: phase second temporary stroke dirties the reopened initial build
ok: dirty periodic Open requests explicit discard
ok: phase Discard in the unsaved-build dialog restores the requested file and clears history
ok: phase named Save shortcut saves directly without a chooser
ok: phase named Save shortcut rewrites the exact initial build once
ok: periodic asynchronous Save/Open restores baseline and clears old history
EDITOR_SESSION_CYCLE {"achieved_ticks_per_second":115.877691912227,"active_frames":34,"active_mean_ms":18.0207352941176,"active_p95_ms":25.64,"active_requested_ticks":71,"active_seconds":0.612715,"archive_roundtrip":true,"cap_frames":3,"cycle":20,"cycle_s":7.967879,"elapsed_s":70.549477,"file_phase":{"cancel":true,"discard":true,"modifier":"meta","named_save":true,"phase":4,"save_as":true,"save_first":true},"memory":{"godot_static_bytes":487364308,"history_bytes":0,"redo_entries":0,"renderer_video_bytes":408813568,"rss_kib":998816,"undo_entries":0},"retained_undo_entries":0}
ok: cycle authored stroke has one transaction
ok: cycle paused radius-zero water click is a second transaction that lands as Water
ok: cycle Undo restores initial bytes
ok: cycle Redo restores authored bytes
ok: cycle enters running Test
ok: cycle normal scheduling advanced authoritative ticks while a live source was held
ok: cycle Pause stops authoritative ticks
ok: cycle Step advances exactly once
ok: cycle Return restores exact authored bytes
ok: cycle authored history survives Test and returns to baseline
ok: cycle Redo retains accumulated authored history across cycles
EDITOR_SESSION_CYCLE {"achieved_ticks_per_second":119.86136035985,"active_frames":36,"active_mean_ms":16.6854444444444,"active_p95_ms":17.602,"active_requested_ticks":72,"active_seconds":0.600694,"archive_roundtrip":false,"cap_frames":1,"cycle":21,"cycle_s":2.403659,"elapsed_s":72.96178,"file_phase":{},"memory":{"godot_static_bytes":487408940,"history_bytes":34816,"redo_entries":0,"renderer_video_bytes":408813568,"rss_kib":1064352,"undo_entries":2},"retained_undo_entries":2}
ok: cycle authored stroke has one transaction
ok: cycle paused radius-zero water click is a second transaction that lands as Water
ok: cycle Undo restores initial bytes
ok: cycle Redo restores authored bytes
ok: cycle enters running Test
ok: cycle normal scheduling advanced authoritative ticks while a live source was held
ok: cycle Pause stops authoritative ticks
ok: cycle Step advances exactly once
ok: cycle Return restores exact authored bytes
ok: cycle authored history survives Test and returns to baseline
ok: cycle Redo retains accumulated authored history across cycles
EDITOR_SESSION_CYCLE {"achieved_ticks_per_second":119.878523096595,"active_frames":36,"active_mean_ms":16.6829722222222,"active_p95_ms":17.65,"active_requested_ticks":72,"active_seconds":0.600608,"archive_roundtrip":false,"cap_frames":0,"cycle":22,"cycle_s":2.381185,"elapsed_s":75.355285,"file_phase":{},"memory":{"godot_static_bytes":487436676,"history_bytes":53248,"redo_entries":0,"renderer_video_bytes":408813568,"rss_kib":1064352,"undo_entries":4},"retained_undo_entries":4}
ok: cycle authored stroke has one transaction
ok: cycle paused radius-zero water click is a second transaction that lands as Water
ok: cycle Undo restores initial bytes
ok: cycle Redo restores authored bytes
ok: cycle enters running Test
ok: cycle normal scheduling advanced authoritative ticks while a live source was held
ok: cycle Pause stops authoritative ticks
ok: cycle Step advances exactly once
ok: cycle Return restores exact authored bytes
ok: cycle authored history survives Test and returns to baseline
ok: cycle Redo retains accumulated authored history across cycles
EDITOR_SESSION_CYCLE {"achieved_ticks_per_second":120.083669107827,"active_frames":37,"active_mean_ms":16.6545135135135,"active_p95_ms":17.989,"active_requested_ticks":74,"active_seconds":0.616237,"archive_roundtrip":false,"cap_frames":0,"cycle":23,"cycle_s":2.420989,"elapsed_s":77.784318,"file_phase":{},"memory":{"godot_static_bytes":487465768,"history_bytes":71680,"redo_entries":0,"renderer_video_bytes":408813568,"rss_kib":1064368,"undo_entries":6},"retained_undo_entries":6}
ok: cycle authored stroke has one transaction
ok: cycle paused radius-zero water click is a second transaction that lands as Water
ok: cycle Undo restores initial bytes
ok: cycle Redo restores authored bytes
ok: cycle enters running Test
ok: cycle normal scheduling advanced authoritative ticks while a live source was held
ok: cycle Pause stops authoritative ticks
ok: cycle Step advances exactly once
ok: cycle Return restores exact authored bytes
ok: cycle authored history survives Test and returns to baseline
ok: cycle Redo retains accumulated authored history across cycles
EDITOR_SESSION_CYCLE {"achieved_ticks_per_second":120.222769542699,"active_frames":37,"active_mean_ms":16.6355405405405,"active_p95_ms":17.424,"active_requested_ticks":74,"active_seconds":0.615524,"archive_roundtrip":false,"cap_frames":0,"cycle":24,"cycle_s":2.370362,"elapsed_s":80.167105,"file_phase":{},"memory":{"godot_static_bytes":487494788,"history_bytes":90112,"redo_entries":0,"renderer_video_bytes":408813568,"rss_kib":1064368,"undo_entries":8},"retained_undo_entries":8}
ok: cycle authored stroke has one transaction
ok: cycle paused radius-zero water click is a second transaction that lands as Water
ok: cycle Undo restores initial bytes
ok: cycle Redo restores authored bytes
ok: cycle enters running Test
ok: cycle normal scheduling advanced authoritative ticks while a live source was held
ok: cycle Pause stops authoritative ticks
ok: cycle Step advances exactly once
ok: cycle Return restores exact authored bytes
ok: cycle authored history survives Test and returns to baseline
ok: cycle Redo retains accumulated authored history across cycles
ok: phase Save As shortcut requests a path for the named build
ok: phase Save As writes the exact accumulated build and switches the active file
ok: phase temporary stroke makes the named build dirty
ok: dirty periodic Open requests explicit discard
ok: phase Cancel in the unsaved-build dialog preserves the dirty construction and file
ok: dirty periodic Open requests explicit discard
ok: phase Save in the unsaved-build dialog saves the dirty build exactly, then opens the requested file
ok: phase second temporary stroke dirties the reopened initial build
ok: dirty periodic Open requests explicit discard
ok: phase Discard in the unsaved-build dialog restores the requested file and clears history
ok: phase named Save shortcut saves directly without a chooser
ok: phase named Save shortcut rewrites the exact initial build once
ok: periodic asynchronous Save/Open restores baseline and clears old history
EDITOR_SESSION_CYCLE {"achieved_ticks_per_second":111.535701123116,"active_frames":33,"active_mean_ms":18.7461515151515,"active_p95_ms":25.619,"active_requested_ticks":69,"active_seconds":0.618636,"archive_roundtrip":true,"cap_frames":3,"cycle":25,"cycle_s":8.021601,"elapsed_s":88.195717,"file_phase":{"cancel":true,"discard":true,"modifier":"ctrl","named_save":true,"phase":5,"save_as":true,"save_first":true},"memory":{"godot_static_bytes":487376112,"history_bytes":0,"redo_entries":0,"renderer_video_bytes":408813568,"rss_kib":998832,"undo_entries":0},"retained_undo_entries":0}
ok: cycle authored stroke has one transaction
ok: cycle paused radius-zero water click is a second transaction that lands as Water
ok: cycle Undo restores initial bytes
ok: cycle Redo restores authored bytes
ok: cycle enters running Test
ok: cycle normal scheduling advanced authoritative ticks while a live source was held
ok: cycle Pause stops authoritative ticks
ok: cycle Step advances exactly once
ok: cycle Return restores exact authored bytes
ok: cycle authored history survives Test and returns to baseline
ok: cycle Redo retains accumulated authored history across cycles
EDITOR_SESSION_CYCLE {"achieved_ticks_per_second":104.703439588532,"active_frames":28,"active_mean_ms":22.1713571428571,"active_p95_ms":33.524,"active_requested_ticks":65,"active_seconds":0.620801,"archive_roundtrip":false,"cap_frames":9,"cycle":26,"cycle_s":2.417276,"elapsed_s":90.620895,"file_phase":{},"memory":{"godot_static_bytes":487420744,"history_bytes":34816,"redo_entries":0,"renderer_video_bytes":408813568,"rss_kib":1064368,"undo_entries":2},"retained_undo_entries":2}
ok: cycle authored stroke has one transaction
ok: cycle paused radius-zero water click is a second transaction that lands as Water
ok: cycle Undo restores initial bytes
ok: cycle Redo restores authored bytes
ok: cycle enters running Test
ok: cycle normal scheduling advanced authoritative ticks while a live source was held
ok: cycle Pause stops authoritative ticks
ok: cycle Step advances exactly once
ok: cycle Return restores exact authored bytes
ok: cycle authored history survives Test and returns to baseline
ok: cycle Redo retains accumulated authored history across cycles
EDITOR_SESSION_CYCLE {"achieved_ticks_per_second":120.201483676151,"active_frames":37,"active_mean_ms":16.6386486486487,"active_p95_ms":17.066,"active_requested_ticks":74,"active_seconds":0.615633,"archive_roundtrip":false,"cap_frames":0,"cycle":27,"cycle_s":2.396102,"elapsed_s":93.026452,"file_phase":{},"memory":{"godot_static_bytes":487448480,"history_bytes":53248,"redo_entries":0,"renderer_video_bytes":408813568,"rss_kib":1064368,"undo_entries":4},"retained_undo_entries":4}
ok: cycle authored stroke has one transaction
ok: cycle paused radius-zero water click is a second transaction that lands as Water
ok: cycle Undo restores initial bytes
ok: cycle Redo restores authored bytes
ok: cycle enters running Test
ok: cycle normal scheduling advanced authoritative ticks while a live source was held
ok: cycle Pause stops authoritative ticks
ok: cycle Step advances exactly once
ok: cycle Return restores exact authored bytes
ok: cycle authored history survives Test and returns to baseline
ok: cycle Redo retains accumulated authored history across cycles
EDITOR_SESSION_CYCLE {"achieved_ticks_per_second":120.144107986823,"active_frames":37,"active_mean_ms":16.6461891891892,"active_p95_ms":17.794,"active_requested_ticks":74,"active_seconds":0.615927,"archive_roundtrip":false,"cap_frames":0,"cycle":28,"cycle_s":2.383035,"elapsed_s":95.419266,"file_phase":{},"memory":{"godot_static_bytes":487477572,"history_bytes":71680,"redo_entries":0,"renderer_video_bytes":408813568,"rss_kib":1064400,"undo_entries":6},"retained_undo_entries":6}
ok: cycle authored stroke has one transaction
ok: cycle paused radius-zero water click is a second transaction that lands as Water
ok: cycle Undo restores initial bytes
ok: cycle Redo restores authored bytes
ok: cycle enters running Test
ok: cycle normal scheduling advanced authoritative ticks while a live source was held
ok: cycle Pause stops authoritative ticks
ok: cycle Step advances exactly once
ok: cycle Return restores exact authored bytes
ok: cycle authored history survives Test and returns to baseline
ok: cycle Redo retains accumulated authored history across cycles
EDITOR_SESSION_CYCLE {"achieved_ticks_per_second":119.748727253979,"active_frames":36,"active_mean_ms":16.7010277777778,"active_p95_ms":17.301,"active_requested_ticks":72,"active_seconds":0.601259,"archive_roundtrip":false,"cap_frames":0,"cycle":29,"cycle_s":2.377597,"elapsed_s":97.805253,"file_phase":{},"memory":{"godot_static_bytes":487506928,"history_bytes":90112,"redo_entries":0,"renderer_video_bytes":408813568,"rss_kib":1064416,"undo_entries":8},"retained_undo_entries":8}
ok: cycle authored stroke has one transaction
ok: cycle paused radius-zero water click is a second transaction that lands as Water
ok: cycle Undo restores initial bytes
ok: cycle Redo restores authored bytes
ok: cycle enters running Test
ok: cycle normal scheduling advanced authoritative ticks while a live source was held
ok: cycle Pause stops authoritative ticks
ok: cycle Step advances exactly once
ok: cycle Return restores exact authored bytes
ok: cycle authored history survives Test and returns to baseline
ok: cycle Redo retains accumulated authored history across cycles
ok: phase Save As shortcut requests a path for the named build
ok: phase Save As writes the exact accumulated build and switches the active file
ok: phase temporary stroke makes the named build dirty
ok: dirty periodic Open requests explicit discard
ok: phase Cancel in the unsaved-build dialog preserves the dirty construction and file
ok: dirty periodic Open requests explicit discard
ok: phase Save in the unsaved-build dialog saves the dirty build exactly, then opens the requested file
ok: phase second temporary stroke dirties the reopened initial build
ok: dirty periodic Open requests explicit discard
ok: phase Discard in the unsaved-build dialog restores the requested file and clears history
ok: phase named Save shortcut saves directly without a chooser
ok: phase named Save shortcut rewrites the exact initial build once
ok: periodic asynchronous Save/Open restores baseline and clears old history
EDITOR_SESSION_CYCLE {"achieved_ticks_per_second":113.301608882846,"active_frames":33,"active_mean_ms":18.7215151515152,"active_p95_ms":25.239,"active_requested_ticks":70,"active_seconds":0.61782,"archive_roundtrip":true,"cap_frames":4,"cycle":30,"cycle_s":7.975809,"elapsed_s":105.791485,"file_phase":{"cancel":true,"discard":true,"modifier":"meta","named_save":true,"phase":6,"save_as":true,"save_first":true},"memory":{"godot_static_bytes":487388324,"history_bytes":0,"redo_entries":0,"renderer_video_bytes":408813568,"rss_kib":998896,"undo_entries":0},"retained_undo_entries":0}
ok: cycle authored stroke has one transaction
ok: cycle paused radius-zero water click is a second transaction that lands as Water
ok: cycle Undo restores initial bytes
ok: cycle Redo restores authored bytes
ok: cycle enters running Test
ok: cycle normal scheduling advanced authoritative ticks while a live source was held
ok: cycle Pause stops authoritative ticks
ok: cycle Step advances exactly once
ok: cycle Return restores exact authored bytes
ok: cycle authored history survives Test and returns to baseline
ok: cycle Redo retains accumulated authored history across cycles
EDITOR_SESSION_CYCLE {"achieved_ticks_per_second":115.7411128508,"active_frames":33,"active_mean_ms":18.8506060606061,"active_p95_ms":26.373,"active_requested_ticks":72,"active_seconds":0.622078,"archive_roundtrip":false,"cap_frames":6,"cycle":31,"cycle_s":2.424887,"elapsed_s":108.223932,"file_phase":{},"memory":{"godot_static_bytes":487432956,"history_bytes":34816,"redo_entries":0,"renderer_video_bytes":408813568,"rss_kib":1064448,"undo_entries":2},"retained_undo_entries":2}
ok: cycle authored stroke has one transaction
ok: cycle paused radius-zero water click is a second transaction that lands as Water
ok: cycle Undo restores initial bytes
ok: cycle Redo restores authored bytes
ok: cycle enters running Test
ok: cycle normal scheduling advanced authoritative ticks while a live source was held
ok: cycle Pause stops authoritative ticks
ok: cycle Step advances exactly once
ok: cycle Return restores exact authored bytes
ok: cycle authored history survives Test and returns to baseline
ok: cycle Redo retains accumulated authored history across cycles
EDITOR_SESSION_CYCLE {"achieved_ticks_per_second":119.830240492635,"active_frames":36,"active_mean_ms":16.6897777777778,"active_p95_ms":17.035,"active_requested_ticks":72,"active_seconds":0.60085,"archive_roundtrip":false,"cap_frames":0,"cycle":32,"cycle_s":2.380089,"elapsed_s":110.614735,"file_phase":{},"memory":{"godot_static_bytes":487460692,"history_bytes":53248,"redo_entries":0,"renderer_video_bytes":408813568,"rss_kib":1064448,"undo_entries":4},"retained_undo_entries":4}
ok: cycle authored stroke has one transaction
ok: cycle paused radius-zero water click is a second transaction that lands as Water
ok: cycle Undo restores initial bytes
ok: cycle Redo restores authored bytes
ok: cycle enters running Test
ok: cycle normal scheduling advanced authoritative ticks while a live source was held
ok: cycle Pause stops authoritative ticks
ok: cycle Step advances exactly once
ok: cycle Return restores exact authored bytes
ok: cycle authored history survives Test and returns to baseline
ok: cycle Redo retains accumulated authored history across cycles
EDITOR_SESSION_CYCLE {"achieved_ticks_per_second":119.80312353366,"active_frames":36,"active_mean_ms":16.6935277777778,"active_p95_ms":17.456,"active_requested_ticks":72,"active_seconds":0.600986,"archive_roundtrip":false,"cap_frames":0,"cycle":33,"cycle_s":2.352585,"elapsed_s":112.978456,"file_phase":{},"memory":{"godot_static_bytes":487489784,"history_bytes":71680,"redo_entries":0,"renderer_video_bytes":408813568,"rss_kib":1064448,"undo_entries":6},"retained_undo_entries":6}
ok: cycle authored stroke has one transaction
ok: cycle paused radius-zero water click is a second transaction that lands as Water
ok: cycle Undo restores initial bytes
ok: cycle Redo restores authored bytes
ok: cycle enters running Test
ok: cycle normal scheduling advanced authoritative ticks while a live source was held
ok: cycle Pause stops authoritative ticks
ok: cycle Step advances exactly once
ok: cycle Return restores exact authored bytes
ok: cycle authored history survives Test and returns to baseline
ok: cycle Redo retains accumulated authored history across cycles
EDITOR_SESSION_CYCLE {"achieved_ticks_per_second":120.137866319024,"active_frames":37,"active_mean_ms":16.646972972973,"active_p95_ms":17.296,"active_requested_ticks":74,"active_seconds":0.615959,"archive_roundtrip":false,"cap_frames":0,"cycle":34,"cycle_s":2.405096,"elapsed_s":115.392716,"file_phase":{},"memory":{"godot_static_bytes":487518804,"history_bytes":90112,"redo_entries":0,"renderer_video_bytes":408813568,"rss_kib":1064464,"undo_entries":8},"retained_undo_entries":8}
ok: cycle authored stroke has one transaction
ok: cycle paused radius-zero water click is a second transaction that lands as Water
ok: cycle Undo restores initial bytes
ok: cycle Redo restores authored bytes
ok: cycle enters running Test
ok: cycle normal scheduling advanced authoritative ticks while a live source was held
ok: cycle Pause stops authoritative ticks
ok: cycle Step advances exactly once
ok: cycle Return restores exact authored bytes
ok: cycle authored history survives Test and returns to baseline
ok: cycle Redo retains accumulated authored history across cycles
ok: phase Save As shortcut requests a path for the named build
ok: phase Save As writes the exact accumulated build and switches the active file
ok: phase temporary stroke makes the named build dirty
ok: dirty periodic Open requests explicit discard
ok: phase Cancel in the unsaved-build dialog preserves the dirty construction and file
ok: dirty periodic Open requests explicit discard
ok: phase Save in the unsaved-build dialog saves the dirty build exactly, then opens the requested file
ok: phase second temporary stroke dirties the reopened initial build
ok: dirty periodic Open requests explicit discard
ok: phase Discard in the unsaved-build dialog restores the requested file and clears history
ok: phase named Save shortcut saves directly without a chooser
ok: phase named Save shortcut rewrites the exact initial build once
ok: periodic asynchronous Save/Open restores baseline and clears old history
EDITOR_SESSION_CYCLE {"achieved_ticks_per_second":114.751554802757,"active_frames":35,"active_mean_ms":17.6776857142857,"active_p95_ms":20.127,"active_requested_ticks":71,"active_seconds":0.618728,"archive_roundtrip":true,"cap_frames":1,"cycle":35,"cycle_s":7.991359,"elapsed_s":123.393542,"file_phase":{"cancel":true,"discard":true,"modifier":"ctrl","named_save":true,"phase":7,"save_as":true,"save_first":true},"memory":{"godot_static_bytes":487400128,"history_bytes":0,"redo_entries":0,"renderer_video_bytes":408813568,"rss_kib":998944,"undo_entries":0},"retained_undo_entries":0}
ok: session completed at least one cycle
ok: every file phase answered the unsaved-build dialog with Save, Discard and Cancel
Editor session soak: 481 checks, 0 failures; cycles=35; file phases=7

SOAK_DONE
