Godot Engine v4.6.3.stable.official.7d41c59c4 - https://godotengine.org
Metal 4.0 - Forward+ - Using Device #0: Apple - Apple M5 Pro (Apple9)

ok: small-grains exact physical bytes unchanged
ok: small-grains exact eligibility independent of cap
ok: small-grains whole-layer overflow flag
ok: small-grains every partial sprite record suppressed
ok: small-grains every physical cell has an opaque field center
{"allocation_counter":30,"capacity":16,"case":"small-grains","eligible":100,"fallback":true,"physical_candidates":100,"voxel_sha256":"ef2e838b62b75f043abe04706848c1e68afd77c589afdf80da9601005b5a4c69"}
ok: capture small-grains-capped
ok: small-grains deterministic repeated fallback
ok: small-grains preparation preserves physical voxels and all seven air textures
ok: small-grains recovers to exact sprite path below cap
ok: small-grains reset clears stale fallback and sprites
ok: small-grains exact physical bytes unchanged
ok: small-grains exact eligibility independent of cap
ok: small-grains whole-layer overflow flag
ok: small-grains every under-capacity physical instance represented
ok: small-grains exact legacy density and foam bytes
ok: small-grains exact legacy records, ignoring atomic ordering
ok: small-grains legacy comparison preserves voxels and all seven air textures
{"allocation_counter":100,"capacity":100,"case":"small-grains","eligible":100,"fallback":false,"physical_candidates":100,"voxel_sha256":"ef2e838b62b75f043abe04706848c1e68afd77c589afdf80da9601005b5a4c69"}
ok: capture small-grains-enough-capacity
ok: small-grains fallback visibly differs from physical sprites
ok: small-grains exact physical bytes unchanged
ok: small-grains exact eligibility independent of cap
ok: small-grains whole-layer overflow flag
ok: small-grains every under-capacity physical instance represented
ok: small-grains exact legacy density and foam bytes
ok: small-grains exact legacy records, ignoring atomic ordering
ok: small-grains legacy comparison preserves voxels and all seven air textures
{"allocation_counter":100,"capacity":101,"case":"small-grains","eligible":100,"fallback":false,"physical_candidates":100,"voxel_sha256":"ef2e838b62b75f043abe04706848c1e68afd77c589afdf80da9601005b5a4c69"}
ok: capture small-grains-enough-capacity
ok: small-grains fallback visibly differs from physical sprites
ok: small-droplets exact physical bytes unchanged
ok: small-droplets exact eligibility independent of cap
ok: small-droplets whole-layer overflow flag
ok: small-droplets every partial sprite record suppressed
{"allocation_counter":16,"capacity":16,"case":"small-droplets","eligible":100,"fallback":true,"physical_candidates":100,"voxel_sha256":"253ff4394dbb1dad06af7d6f7a07ce2d425dabb45375e506cb59f8823f8127bb"}
ok: capture small-droplets-capped
ok: small-droplets deterministic repeated fallback
ok: small-droplets preparation preserves physical voxels and all seven air textures
ok: small-droplets recovers to exact sprite path below cap
ok: small-droplets reset clears stale fallback and sprites
ok: small-droplets exact physical bytes unchanged
ok: small-droplets exact eligibility independent of cap
ok: small-droplets whole-layer overflow flag
ok: small-droplets every under-capacity physical instance represented
ok: small-droplets exact legacy density and foam bytes
ok: small-droplets exact legacy records, ignoring atomic ordering
ok: small-droplets legacy comparison preserves voxels and all seven air textures
{"allocation_counter":100,"capacity":100,"case":"small-droplets","eligible":100,"fallback":false,"physical_candidates":100,"voxel_sha256":"253ff4394dbb1dad06af7d6f7a07ce2d425dabb45375e506cb59f8823f8127bb"}
ok: capture small-droplets-enough-capacity
ok: small-droplets fallback visibly differs from physical sprites
ok: small-droplets exact physical bytes unchanged
ok: small-droplets exact eligibility independent of cap
ok: small-droplets whole-layer overflow flag
ok: small-droplets every under-capacity physical instance represented
ok: small-droplets exact legacy density and foam bytes
ok: small-droplets exact legacy records, ignoring atomic ordering
ok: small-droplets legacy comparison preserves voxels and all seven air textures
{"allocation_counter":100,"capacity":101,"case":"small-droplets","eligible":100,"fallback":false,"physical_candidates":100,"voxel_sha256":"253ff4394dbb1dad06af7d6f7a07ce2d425dabb45375e506cb59f8823f8127bb"}
ok: capture small-droplets-enough-capacity
ok: small-droplets fallback visibly differs from physical sprites
ok: small-leaves exact physical bytes unchanged
ok: small-leaves exact eligibility independent of cap
ok: small-leaves whole-layer overflow flag
ok: small-leaves every partial sprite record suppressed
ok: small-leaves every physical cell has an opaque field center
{"allocation_counter":18,"capacity":16,"case":"small-leaves","eligible":100,"fallback":true,"physical_candidates":100,"voxel_sha256":"51d625d578da398cda83d1fe1fdac5c9e40b87ece529a9b8b47cbcde72cbce61"}
ok: capture small-leaves-capped
ok: small-leaves deterministic repeated fallback
ok: small-leaves preparation preserves physical voxels and all seven air textures
ok: small-leaves recovers to exact sprite path below cap
ok: small-leaves reset clears stale fallback and sprites
ok: small-leaves exact physical bytes unchanged
ok: small-leaves exact eligibility independent of cap
ok: small-leaves whole-layer overflow flag
ok: small-leaves every under-capacity physical instance represented
ok: small-leaves exact legacy density and foam bytes
ok: small-leaves exact legacy records, ignoring atomic ordering
ok: small-leaves legacy comparison preserves voxels and all seven air textures
{"allocation_counter":100,"capacity":100,"case":"small-leaves","eligible":100,"fallback":false,"physical_candidates":100,"voxel_sha256":"51d625d578da398cda83d1fe1fdac5c9e40b87ece529a9b8b47cbcde72cbce61"}
ok: capture small-leaves-enough-capacity
ok: small-leaves fallback visibly differs from physical sprites
ok: small-leaves exact physical bytes unchanged
ok: small-leaves exact eligibility independent of cap
ok: small-leaves whole-layer overflow flag
ok: small-leaves every under-capacity physical instance represented
ok: small-leaves exact legacy density and foam bytes
ok: small-leaves exact legacy records, ignoring atomic ordering
ok: small-leaves legacy comparison preserves voxels and all seven air textures
{"allocation_counter":100,"capacity":101,"case":"small-leaves","eligible":100,"fallback":false,"physical_candidates":100,"voxel_sha256":"51d625d578da398cda83d1fe1fdac5c9e40b87ece529a9b8b47cbcde72cbce61"}
ok: capture small-leaves-enough-capacity
ok: small-leaves fallback visibly differs from physical sprites
CAPACITY_FALLBACK_CHECKS 83 FAILURES 0
