Godot Engine v4.6.3.stable.official.7d41c59c4 - https://godotengine.org
Metal 4.0 - Forward+ - Using Device #0: Apple - Apple M5 Pro (Apple9)

ok: every exposed mask emits one leaf; fully buried mask emits none
ok: leaf reconstruction preserves exact authoritative voxel bytes
ok: mask=5 entire instance record is finite
ok: mask=5 leaf origin has the intended 0.45-cell offset
ok: mask=10 entire instance record is finite
ok: mask=10 leaf origin has the intended 0.45-cell offset
ok: mask=4 entire instance record is finite
ok: mask=4 leaf origin has the intended 0.45-cell offset
ok: mask=11 entire instance record is finite
ok: mask=11 leaf origin has the intended 0.45-cell offset
ok: mask=1 entire instance record is finite
ok: mask=1 leaf origin has the intended 0.45-cell offset
ok: mask=9 entire instance record is finite
ok: mask=9 leaf origin has the intended 0.45-cell offset
ok: mask=6 entire instance record is finite
ok: mask=6 leaf origin has the intended 0.45-cell offset
ok: mask=2 entire instance record is finite
ok: mask=2 leaf origin has the intended 0.45-cell offset
SYMMETRIC mask=3 finite=true origin=(-0.156055, -0.435547, -0.435547) offset=(-0.449997, 0.0, 0.0)
ok: mask=3 entire instance record is finite
ok: mask=3 leaf origin has the intended 0.45-cell offset
ok: symmetric mask=3 fallback points through an exposed face
SYMMETRIC mask=12 finite=true origin=(-0.435547, -0.152539, -0.435547) offset=(0.0, 0.449997, 0.0)
ok: mask=12 entire instance record is finite
ok: mask=12 leaf origin has the intended 0.45-cell offset
ok: symmetric mask=12 fallback points through an exposed face
ok: mask=7 entire instance record is finite
ok: mask=7 leaf origin has the intended 0.45-cell offset
ok: mask=8 entire instance record is finite
ok: mask=8 leaf origin has the intended 0.45-cell offset
ok: mask=13 entire instance record is finite
ok: mask=13 leaf origin has the intended 0.45-cell offset
ok: mask=14 entire instance record is finite
ok: mask=14 leaf origin has the intended 0.45-cell offset
SYMMETRIC mask=15 finite=true origin=(-0.154297, -0.156055, -0.435547) offset=(0.0, -0.449997, 0.0)
ok: mask=15 entire instance record is finite
ok: mask=15 leaf origin has the intended 0.45-cell offset
ok: symmetric mask=15 fallback points through an exposed face
ok: mask=19 entire instance record is finite
ok: mask=19 leaf origin has the intended 0.45-cell offset
ok: mask=16 entire instance record is finite
ok: mask=16 leaf origin has the intended 0.45-cell offset
ok: mask=21 entire instance record is finite
ok: mask=21 leaf origin has the intended 0.45-cell offset
ok: mask=23 entire instance record is finite
ok: mask=23 leaf origin has the intended 0.45-cell offset
ok: mask=17 entire instance record is finite
ok: mask=17 leaf origin has the intended 0.45-cell offset
ok: mask=22 entire instance record is finite
ok: mask=22 leaf origin has the intended 0.45-cell offset
ok: mask=18 entire instance record is finite
ok: mask=18 leaf origin has the intended 0.45-cell offset
ok: mask=20 entire instance record is finite
ok: mask=20 leaf origin has the intended 0.45-cell offset
ok: mask=25 entire instance record is finite
ok: mask=25 leaf origin has the intended 0.45-cell offset
ok: mask=24 entire instance record is finite
ok: mask=24 leaf origin has the intended 0.45-cell offset
ok: mask=27 entire instance record is finite
ok: mask=27 leaf origin has the intended 0.45-cell offset
ok: mask=31 entire instance record is finite
ok: mask=31 leaf origin has the intended 0.45-cell offset
ok: mask=28 entire instance record is finite
ok: mask=28 leaf origin has the intended 0.45-cell offset
ok: mask=30 entire instance record is finite
ok: mask=30 leaf origin has the intended 0.45-cell offset
ok: mask=26 entire instance record is finite
ok: mask=26 leaf origin has the intended 0.45-cell offset
ok: mask=29 entire instance record is finite
ok: mask=29 leaf origin has the intended 0.45-cell offset
ok: mask=32 entire instance record is finite
ok: mask=32 leaf origin has the intended 0.45-cell offset
ok: mask=34 entire instance record is finite
ok: mask=34 leaf origin has the intended 0.45-cell offset
ok: mask=35 entire instance record is finite
ok: mask=35 leaf origin has the intended 0.45-cell offset
ok: mask=39 entire instance record is finite
ok: mask=39 leaf origin has the intended 0.45-cell offset
ok: mask=37 entire instance record is finite
ok: mask=37 leaf origin has the intended 0.45-cell offset
ok: mask=38 entire instance record is finite
ok: mask=38 leaf origin has the intended 0.45-cell offset
ok: mask=36 entire instance record is finite
ok: mask=36 leaf origin has the intended 0.45-cell offset
ok: mask=43 entire instance record is finite
ok: mask=43 leaf origin has the intended 0.45-cell offset
ok: mask=45 entire instance record is finite
ok: mask=45 leaf origin has the intended 0.45-cell offset
ok: mask=42 entire instance record is finite
ok: mask=42 leaf origin has the intended 0.45-cell offset
ok: mask=33 entire instance record is finite
ok: mask=33 leaf origin has the intended 0.45-cell offset
ok: mask=41 entire instance record is finite
ok: mask=41 leaf origin has the intended 0.45-cell offset
ok: mask=46 entire instance record is finite
ok: mask=46 leaf origin has the intended 0.45-cell offset
ok: mask=40 entire instance record is finite
ok: mask=40 leaf origin has the intended 0.45-cell offset
ok: mask=44 entire instance record is finite
ok: mask=44 leaf origin has the intended 0.45-cell offset
ok: mask=47 entire instance record is finite
ok: mask=47 leaf origin has the intended 0.45-cell offset
ok: mask=49 entire instance record is finite
ok: mask=49 leaf origin has the intended 0.45-cell offset
ok: mask=55 entire instance record is finite
ok: mask=55 leaf origin has the intended 0.45-cell offset
SYMMETRIC mask=51 finite=true origin=(-0.152539, -0.435547, -0.154297) offset=(0.449997, 0.0, 0.0)
ok: mask=51 entire instance record is finite
ok: mask=51 leaf origin has the intended 0.45-cell offset
ok: symmetric mask=51 fallback points through an exposed face
SYMMETRIC mask=48 finite=true origin=(-0.435547, -0.435547, -0.156055) offset=(0.0, 0.0, -0.449997)
ok: mask=48 entire instance record is finite
ok: mask=48 leaf origin has the intended 0.45-cell offset
ok: symmetric mask=48 fallback points through an exposed face
ok: mask=50 entire instance record is finite
ok: mask=50 leaf origin has the intended 0.45-cell offset
ok: mask=53 entire instance record is finite
ok: mask=53 leaf origin has the intended 0.45-cell offset
ok: mask=52 entire instance record is finite
ok: mask=52 leaf origin has the intended 0.45-cell offset
ok: mask=54 entire instance record is finite
ok: mask=54 leaf origin has the intended 0.45-cell offset
ok: mask=59 entire instance record is finite
ok: mask=59 leaf origin has the intended 0.45-cell offset
ok: mask=58 entire instance record is finite
ok: mask=58 leaf origin has the intended 0.45-cell offset
ok: mask=57 entire instance record is finite
ok: mask=57 leaf origin has the intended 0.45-cell offset
ok: mask=62 entire instance record is finite
ok: mask=62 leaf origin has the intended 0.45-cell offset
SYMMETRIC mask=63 finite=true origin=(-0.152539, -0.154297, -0.154297) offset=(0.449997, 0.0, 0.0)
ok: mask=63 entire instance record is finite
ok: mask=63 leaf origin has the intended 0.45-cell offset
ok: symmetric mask=63 fallback points through an exposed face
ok: mask=56 entire instance record is finite
ok: mask=56 leaf origin has the intended 0.45-cell offset
ok: mask=61 entire instance record is finite
ok: mask=61 leaf origin has the intended 0.45-cell offset
SYMMETRIC mask=60 finite=true origin=(-0.435547, -0.154297, -0.152539) offset=(0.0, 0.0, 0.449997)
ok: mask=60 entire instance record is finite
ok: mask=60 leaf origin has the intended 0.45-cell offset
ok: symmetric mask=60 fallback points through an exposed face
ok: fixture covers all seven nonempty symmetric exposure masks
LEAF_PROBE symmetric=7 nonfinite=0 zero_offsets=0
ok: zero-time refresh reproduces exact per-seed instance bytes
ok: leaf refresh preserves all voxel and air state
ok: fallback preserves physical leaf count
ok: fallback preserves exact voxels and all seven air textures
ok: mask=5 nonzero outward record is byte-identical to legacy control
ok: mask=10 nonzero outward record is byte-identical to legacy control
ok: mask=4 nonzero outward record is byte-identical to legacy control
ok: mask=11 nonzero outward record is byte-identical to legacy control
ok: mask=1 nonzero outward record is byte-identical to legacy control
ok: mask=9 nonzero outward record is byte-identical to legacy control
ok: mask=6 nonzero outward record is byte-identical to legacy control
ok: mask=2 nonzero outward record is byte-identical to legacy control
ok: symmetric mask=3 preserves basis and custom-data bytes
ok: symmetric mask=12 preserves basis and custom-data bytes
ok: mask=7 nonzero outward record is byte-identical to legacy control
ok: mask=8 nonzero outward record is byte-identical to legacy control
ok: mask=13 nonzero outward record is byte-identical to legacy control
ok: mask=14 nonzero outward record is byte-identical to legacy control
ok: symmetric mask=15 preserves basis and custom-data bytes
ok: mask=19 nonzero outward record is byte-identical to legacy control
ok: mask=16 nonzero outward record is byte-identical to legacy control
ok: mask=21 nonzero outward record is byte-identical to legacy control
ok: mask=23 nonzero outward record is byte-identical to legacy control
ok: mask=17 nonzero outward record is byte-identical to legacy control
ok: mask=22 nonzero outward record is byte-identical to legacy control
ok: mask=18 nonzero outward record is byte-identical to legacy control
ok: mask=20 nonzero outward record is byte-identical to legacy control
ok: mask=25 nonzero outward record is byte-identical to legacy control
ok: mask=24 nonzero outward record is byte-identical to legacy control
ok: mask=27 nonzero outward record is byte-identical to legacy control
ok: mask=31 nonzero outward record is byte-identical to legacy control
ok: mask=28 nonzero outward record is byte-identical to legacy control
ok: mask=30 nonzero outward record is byte-identical to legacy control
ok: mask=26 nonzero outward record is byte-identical to legacy control
ok: mask=29 nonzero outward record is byte-identical to legacy control
ok: mask=32 nonzero outward record is byte-identical to legacy control
ok: mask=34 nonzero outward record is byte-identical to legacy control
ok: mask=35 nonzero outward record is byte-identical to legacy control
ok: mask=39 nonzero outward record is byte-identical to legacy control
ok: mask=37 nonzero outward record is byte-identical to legacy control
ok: mask=38 nonzero outward record is byte-identical to legacy control
ok: mask=36 nonzero outward record is byte-identical to legacy control
ok: mask=43 nonzero outward record is byte-identical to legacy control
ok: mask=45 nonzero outward record is byte-identical to legacy control
ok: mask=42 nonzero outward record is byte-identical to legacy control
ok: mask=33 nonzero outward record is byte-identical to legacy control
ok: mask=41 nonzero outward record is byte-identical to legacy control
ok: mask=46 nonzero outward record is byte-identical to legacy control
ok: mask=40 nonzero outward record is byte-identical to legacy control
ok: mask=44 nonzero outward record is byte-identical to legacy control
ok: mask=47 nonzero outward record is byte-identical to legacy control
ok: mask=49 nonzero outward record is byte-identical to legacy control
ok: mask=55 nonzero outward record is byte-identical to legacy control
ok: symmetric mask=51 preserves basis and custom-data bytes
ok: symmetric mask=48 preserves basis and custom-data bytes
ok: mask=50 nonzero outward record is byte-identical to legacy control
ok: mask=53 nonzero outward record is byte-identical to legacy control
ok: mask=52 nonzero outward record is byte-identical to legacy control
ok: mask=54 nonzero outward record is byte-identical to legacy control
ok: mask=59 nonzero outward record is byte-identical to legacy control
ok: mask=58 nonzero outward record is byte-identical to legacy control
ok: mask=57 nonzero outward record is byte-identical to legacy control
ok: mask=62 nonzero outward record is byte-identical to legacy control
ok: symmetric mask=63 preserves basis and custom-data bytes
ok: mask=56 nonzero outward record is byte-identical to legacy control
ok: mask=61 nonzero outward record is byte-identical to legacy control
ok: symmetric mask=60 preserves basis and custom-data bytes
LEAF_FINITE grid=256 checks=203 failures=0 probe=false
