Godot Engine v4.6.3.stable.official.7d41c59c4 - https://godotengine.org
Metal 4.0 - Forward+ - Using Device #0: Apple - Apple M5 Pro (Apple9)

ok: sphere workplane preview shows a target and a non-empty cell set
ok: sphere workplane stamp changes exactly the previewed cells (33 previewed, 33 changed)
ok: cube workplane preview shows a target and a non-empty cell set
ok: cube workplane stamp changes exactly the previewed cells (125 previewed, 125 changed)
ok: disc workplane preview shows a target and a non-empty cell set
ok: disc workplane stamp changes exactly the previewed cells (25 previewed, 25 changed)
ok: erase preview lists only occupied cells of the cube
ok: erase stamp removes exactly the previewed cells (33)
ok: sphere surface preview follows a valid pick
FAIL: sphere surface stamp changes exactly the previewed cells (24 previewed, 24 changed)
ok: sphere surface stamp preserves the slab
ok: cube surface preview follows a valid pick
FAIL: cube surface stamp changes exactly the previewed cells (115 previewed, 85 changed)
ok: cube surface stamp preserves the slab
ok: disc surface preview follows a valid pick
FAIL: disc surface stamp changes exactly the previewed cells (25 previewed, 25 changed)
ok: disc surface stamp preserves the slab
ok: preview stays visible while the pointer moves over a valid target (0 hidden frames)
PREVIEW_CELLS_CHECKS 18 FAILURES 3
