Godot Engine v4.6.3.stable.official.7d41c59c4 - https://godotengine.org
Metal 4.0 - Forward+ - Using Device #0: Apple - Apple M5 Pro (Apple9)

ok: Wall selects the cube brush
ok: L enters line mode on the real editor
ok: first parsed click anchors the line at the targeted cell
FAIL: second click stamps the cube along the connected line into air only (0 changed, 276 expected)
FAIL: the line is one undo entry
ok: the line preserves the wall block it crosses
ok: Undo restores the bytes from before the line
ok: K switches to box mode
ok: first box click anchors a corner
FAIL: box fills exactly the half-open box between the corners (0 changed, 96 expected)
FAIL: the box is one undo entry
ok: Undo restores the bytes from before the box
FAIL: Box with Erase clears exactly the filled box as one undo entry
ok: a box corner is anchored before Run
ok: entering Test drops the pending anchor
ok: Return leaves no anchor behind
ok: K again returns to painting
PLACEMENT_TOOLS_CHECKS 17 FAILURES 5
